2026-08-24 10:09:49 - Pipeline - INFO - Pipeline logger initialized
2026-08-24 10:09:49 - Pipeline - INFO - Log level: INFO
2026-08-24 10:09:49 - Pipeline - INFO - Pipeline log: logs/pipeline_20260824_100949.log
2026-08-24 10:09:49 - Pipeline - INFO - Full log: logs/full_log_20260824_100949.log
2026-08-24 10:09:49 - Pipeline - INFO - Pipeline test
2026-08-24 10:09:49 - Pipeline - INFO - Initialized DirectoryManager at /Users/rishi/Documents/Analysis/Sources/AstroImageDetection-fitmodel/HAWC-ImageProcessing-3MLFit/hawc_analysis/Run1
2026-08-24 10:09:49 - Pipeline - INFO - Directory structure created at /Users/rishi/Documents/Analysis/Sources/AstroImageDetection-fitmodel/HAWC-ImageProcessing-3MLFit/hawc_analysis/Run1
2026-08-24 10:09:49 - Pipeline - INFO - Converted galactic coordinates (l=80, b=0) to equatorial (RA=308.97121783181626, Dec=40.66361040005763)
2026-08-24 10:09:59 - Pipeline - INFO - Significance map already exists at /Users/rishi/Documents/Analysis/Sources/AstroImageDetection-fitmodel/HAWC-ImageProcessing-3MLFit/hawc_analysis/Run1/DataMapDir/significance_map.fits, skipping generation
2026-08-24 10:09:59 - Pipeline - INFO - Searching for FITS files in /Users/rishi/Documents/Analysis/data/fhitcountmaps/
2026-08-24 10:09:59 - Pipeline - INFO - Looking for bins: ['B2C0', 'B3C0', 'B4C0', 'B5C0', 'B6C0', 'B7C0', 'B8C0', 'B9C0', 'B10C0']
2026-08-24 10:09:59 - Pipeline - INFO - Found 9/9 energy bins
2026-08-24 10:09:59 - Pipeline - INFO - Creating HEALPix map from 9 FITS files
2026-08-24 10:09:59 - Pipeline - INFO - Energy bins: ['B2C0', 'B3C0', 'B4C0', 'B5C0', 'B6C0', 'B7C0', 'B8C0', 'B9C0', 'B10C0']
2026-08-24 10:09:59 - Pipeline - INFO - Executing HealpixSigFluxMap command:
2026-08-24 10:10:41 - Pipeline - INFO - HEALPix map created successfully: /Users/rishi/Documents/Analysis/Sources/AstroImageDetection-fitmodel/HAWC-ImageProcessing-3MLFit/hawc_analysis/Run1/DataMapDir/significance_map.fits
2026-08-24 10:10:59 - Pipeline - INFO - Using significance map created: /Users/rishi/Documents/Analysis/Sources/AstroImageDetection-fitmodel/HAWC-ImageProcessing-3MLFit/hawc_analysis/Run1/DataMapDir/significance_map.fits
2026-08-24 10:10:59 - Pipeline - INFO - Using galactic coordinates from config: (l=80.0, b=0.0)
2026-08-24 10:10:59 - Pipeline - INFO - ROI size: 8.0° x 8.0°
2026-08-24 10:10:59 - Pipeline - INFO - Output directory for seeding: /Users/rishi/Documents/Analysis/Sources/AstroImageDetection-fitmodel/HAWC-ImageProcessing-3MLFit/hawc_analysis/Run1/Results/Step0-Allpoint-sources
2026-08-24 10:10:59 - Pipeline - INFO - Running seed model search in /Users/rishi/Documents/Analysis/Sources/AstroImageDetection-fitmodel/HAWC-ImageProcessing-3MLFit/hawc_analysis/Run1/Results/Step0-Allpoint-sources
2026-08-24 10:10:59 - Pipeline - INFO - Loading HAWC data from /Users/rishi/Documents/Analysis/Sources/AstroImageDetection-fitmodel/HAWC-ImageProcessing-3MLFit/hawc_analysis/Run1/DataMapDir/significance_map.fits
2026-08-24 10:12:48 - Pipeline - INFO - Found 14 sources, 14 within original ROI
2026-08-24 10:12:48 - Pipeline - INFO - Results saved to: /Users/rishi/Documents/Analysis/Sources/AstroImageDetection-fitmodel/HAWC-ImageProcessing-3MLFit/hawc_analysis/Run1/Results/Step0-Allpoint-sources/filtered_sources.yaml
2026-08-24 10:12:48 - Pipeline - INFO - Results saved to: /Users/rishi/Documents/Analysis/Sources/AstroImageDetection-fitmodel/HAWC-ImageProcessing-3MLFit/hawc_analysis/Run1/Results/Step0-Allpoint-sources/filtered_sources.yaml
