2026-07-18 18:23:39 - Pipeline - INFO - Pipeline logger initialized
2026-07-18 18:23:39 - Pipeline - INFO - Log level: INFO
2026-07-18 18:23:39 - Pipeline - INFO - Pipeline log: logs/pipeline_20260718_182339.log
2026-07-18 18:23:39 - Pipeline - INFO - Full log: logs/full_log_20260718_182339.log
2026-07-18 18:23:39 - Pipeline - INFO - Pipeline test
2026-07-18 18:23:39 - Pipeline - INFO - Initialized DirectoryManager at fit_results
2026-07-18 18:23:39 - Pipeline - INFO - Directory structure created at fit_results
2026-07-18 18:23:39 - Pipeline - INFO - Loading HAWC data: Celestial RA=83.5, Dec=22.0
2026-07-18 18:23:41 - Pipeline - INFO - Loaded map dimensions: 1440x1440 pixels
2026-07-18 18:23:41 - Pipeline - INFO - Pixel size: 0.005556 degrees/pixel
2026-07-18 18:23:41 - Pipeline - INFO - Peak pixel location: (np.int64(724), np.int64(700))
2026-07-18 18:23:41 - Pipeline - INFO - Peak sky location: <SkyCoord (ICRS): (ra, dec) in deg
    (83.62647266, 22.02496031)>
2026-07-18 18:23:41 - Pipeline - INFO - Peak significance: 355.86 sigma
2026-07-18 18:23:42 - Pipeline - INFO - Searching for FITS files in /Users/rishi/Documents/Analysis/data/fhitcountmaps/
2026-07-18 18:23:42 - Pipeline - INFO - Looking for bins: ['B2C0']
2026-07-18 18:23:42 - Pipeline - INFO - Found 1/1 energy bins
2026-07-18 18:23:42 - Pipeline - INFO - Creating HEALPix map from 1 FITS files
2026-07-18 18:23:42 - Pipeline - INFO - Energy bins: ['B2C0']
2026-07-18 18:23:42 - Pipeline - INFO - Executing HealpixSigFluxMap command:
2026-07-18 18:23:53 - Pipeline - INFO - HEALPix map created successfully: significance_map.fits
2026-07-18 18:23:53 - Pipeline - INFO - Loading HAWC data: Celestial RA=83.5, Dec=22.0
2026-07-18 18:23:54 - Pipeline - INFO - Loaded map dimensions: 1440x1440 pixels
2026-07-18 18:23:54 - Pipeline - INFO - Pixel size: 0.005556 degrees/pixel
