2026-08-20 18:34:54 - Pipeline - INFO - Pipeline logger initialized
2026-08-20 18:34:54 - Pipeline - INFO - Log level: INFO
2026-08-20 18:34:54 - Pipeline - INFO - Pipeline log: logs/pipeline_20260820_183454.log
2026-08-20 18:34:54 - Pipeline - INFO - Full log: logs/full_log_20260820_183454.log
2026-08-20 18:34:54 - Pipeline - INFO - Pipeline test
2026-08-20 18:34:54 - Pipeline - INFO - Initialized DirectoryManager at /Users/rishi/Documents/Analysis/Sources/AstroImageDetection-fitmodel/HAWC-ImageProcessing-3MLFit/hawc_analysis/Run1
2026-08-20 18:34:54 - Pipeline - INFO - Directory structure created at /Users/rishi/Documents/Analysis/Sources/AstroImageDetection-fitmodel/HAWC-ImageProcessing-3MLFit/hawc_analysis/Run1
2026-08-20 18:34:54 - Pipeline - INFO - Converted galactic coordinates (l=13, b=0) to equatorial (RA=273.47050143305205, Dec=-17.661928870744514)
2026-08-20 18:35:05 - Pipeline - INFO - Significance map already exists at /Users/rishi/Documents/Analysis/Sources/AstroImageDetection-fitmodel/HAWC-ImageProcessing-3MLFit/hawc_analysis/Run1/DataMapDir/significance_map.fits, skipping generation
2026-08-20 18:35:05 - Pipeline - INFO - Significance map already exists at /Users/rishi/Documents/Analysis/Sources/AstroImageDetection-fitmodel/HAWC-ImageProcessing-3MLFit/hawc_analysis/Run1/DataMapDir/significance_map.fits, skipping generation
2026-08-20 18:35:11 - Pipeline - INFO - Using significance map created: /Users/rishi/Documents/Analysis/Sources/AstroImageDetection-fitmodel/HAWC-ImageProcessing-3MLFit/hawc_analysis/Run1/DataMapDir/significance_map.fits
2026-08-20 18:35:11 - Pipeline - INFO - Using galactic coordinates from config: (l=13.0, b=0.0)
2026-08-20 18:35:11 - Pipeline - INFO - ROI size: 3.0° x 5.0°
2026-08-20 18:35:11 - Pipeline - INFO - Output directory for seeding: /Users/rishi/Documents/Analysis/Sources/AstroImageDetection-fitmodel/HAWC-ImageProcessing-3MLFit/hawc_analysis/Run1/Results/Step0-Allpoint-sources
2026-08-20 18:35:11 - Pipeline - INFO - Running seed model search in /Users/rishi/Documents/Analysis/Sources/AstroImageDetection-fitmodel/HAWC-ImageProcessing-3MLFit/hawc_analysis/Run1/Results/Step0-Allpoint-sources
2026-08-20 18:35:11 - Pipeline - INFO - Found existing model file in /Users/rishi/Documents/Analysis/Sources/AstroImageDetection-fitmodel/HAWC-ImageProcessing-3MLFit/hawc_analysis/Run1/Results/Step0-Allpoint-sources, skipping seeding.
2026-08-20 18:35:21 - Pipeline - INFO - Using significance map created: /Users/rishi/Documents/Analysis/Sources/AstroImageDetection-fitmodel/HAWC-ImageProcessing-3MLFit/hawc_analysis/Run1/DataMapDir/significance_map.fits
2026-08-20 18:35:21 - Pipeline - INFO - Using galactic coordinates from config: (l=13.0, b=0.0)
2026-08-20 18:35:21 - Pipeline - INFO - ROI size: 3.0° x 5.0°
2026-08-20 18:35:21 - Pipeline - INFO - Output directory for seeding: /Users/rishi/Documents/Analysis/Sources/AstroImageDetection-fitmodel/HAWC-ImageProcessing-3MLFit/hawc_analysis/Run1/Results/Step0-Allpoint-sources
2026-08-20 18:35:21 - Pipeline - INFO - Running seed model search in /Users/rishi/Documents/Analysis/Sources/AstroImageDetection-fitmodel/HAWC-ImageProcessing-3MLFit/hawc_analysis/Run1/Results/Step0-Allpoint-sources
2026-08-20 18:35:21 - Pipeline - INFO - Found existing model file in /Users/rishi/Documents/Analysis/Sources/AstroImageDetection-fitmodel/HAWC-ImageProcessing-3MLFit/hawc_analysis/Run1/Results/Step0-Allpoint-sources, skipping seeding.
2026-08-20 18:35:28 - Pipeline - INFO - Using significance map created: /Users/rishi/Documents/Analysis/Sources/AstroImageDetection-fitmodel/HAWC-ImageProcessing-3MLFit/hawc_analysis/Run1/DataMapDir/significance_map.fits
2026-08-20 18:35:28 - Pipeline - INFO - Using galactic coordinates from config: (l=13.0, b=0.0)
2026-08-20 18:35:28 - Pipeline - INFO - ROI size: 3.0° x 5.0°
2026-08-20 18:35:28 - Pipeline - INFO - Output directory for seeding: /Users/rishi/Documents/Analysis/Sources/AstroImageDetection-fitmodel/HAWC-ImageProcessing-3MLFit/hawc_analysis/Run1/Results/Step0-Allpoint-sources
2026-08-20 18:35:28 - Pipeline - INFO - Running seed model search in /Users/rishi/Documents/Analysis/Sources/AstroImageDetection-fitmodel/HAWC-ImageProcessing-3MLFit/hawc_analysis/Run1/Results/Step0-Allpoint-sources
2026-08-20 18:35:28 - Pipeline - INFO - Found existing model file in /Users/rishi/Documents/Analysis/Sources/AstroImageDetection-fitmodel/HAWC-ImageProcessing-3MLFit/hawc_analysis/Run1/Results/Step0-Allpoint-sources, skipping seeding.
2026-08-20 18:35:31 - Pipeline - INFO - Starting source_fitter (DRIPS-seeded in-process fit)
2026-08-20 18:35:31 - Pipeline - INFO - Running joint fit on DRIPS seed model (/Users/rishi/Documents/Analysis/Sources/AstroImageDetection-fitmodel/HAWC-ImageProcessing-3MLFit/hawc_analysis/Run1/Results/Step0-Allpoint-sources/curModel.model) in /Users/rishi/Documents/Analysis/Sources/AstroImageDetection-fitmodel/HAWC-ImageProcessing-3MLFit/hawc_analysis/Run1/Results/Step1-JointFit
2026-08-20 18:35:31 - Pipeline - INFO - Fitting model /Users/rishi/Documents/Analysis/Sources/AstroImageDetection-fitmodel/HAWC-ImageProcessing-3MLFit/hawc_analysis/Run1/Results/Step0-Allpoint-sources/curModel.model in /Users/rishi/Documents/Analysis/Sources/AstroImageDetection-fitmodel/HAWC-ImageProcessing-3MLFit/hawc_analysis/Run1/Results/Step1-JointFit 
2026-08-20 18:35:31 - Pipeline - INFO - Map tree: /Users/rishi/Documents/Analysis/data/maptree-fhit2pct-pass5f-mlp-chunk1-1510.root
2026-08-20 18:35:31 - Pipeline - INFO - Detector response: /Users/rishi/Documents/Analysis/data/detRes-fhit2pct-pass5f-mlp-refit.root
2026-08-20 18:35:31 - Pipeline - INFO - Converted galactic coordinates (l=13, b=0) to equatorial (RA=273.47050143305205, Dec=-17.661928870744514)
2026-08-20 18:35:31 - Pipeline - INFO - Model file: /Users/rishi/Documents/Analysis/Sources/AstroImageDetection-fitmodel/HAWC-ImageProcessing-3MLFit/hawc_analysis/Run1/Results/Step0-Allpoint-sources/curModel.model
2026-08-20 18:35:31 - Pipeline - INFO - No ROI template provided, computing ROI from provided ra and dec
2026-08-20 18:35:31 - Pipeline - INFO - ROI center: 273.47050143305205, -17.661928870744514
2026-08-20 18:35:31 - Pipeline - INFO - Running threeML fit pipeline with bins: ['B5C0', 'B6C0', 'B7C0', 'B8C0', 'B9C0', 'B10C0']
2026-08-20 18:35:51 - Pipeline - INFO - Running MLE without error estimation
2026-08-20 18:36:30 - Pipeline - WARNING - Fit attempt 1/1 failed: 'MLEResults' object has no attribute 'save'
2026-08-20 18:39:50 - Pipeline - INFO - Starting source_fitter (DRIPS-seeded in-process fit)
2026-08-20 18:39:50 - Pipeline - INFO - Running joint fit on DRIPS seed model (/Users/rishi/Documents/Analysis/Sources/AstroImageDetection-fitmodel/HAWC-ImageProcessing-3MLFit/hawc_analysis/Run1/Results/Step0-Allpoint-sources/curModel.model) in /Users/rishi/Documents/Analysis/Sources/AstroImageDetection-fitmodel/HAWC-ImageProcessing-3MLFit/hawc_analysis/Run1/Results/Step1-JointFit
2026-08-20 18:39:50 - Pipeline - INFO - Fitting model /Users/rishi/Documents/Analysis/Sources/AstroImageDetection-fitmodel/HAWC-ImageProcessing-3MLFit/hawc_analysis/Run1/Results/Step0-Allpoint-sources/curModel.model in /Users/rishi/Documents/Analysis/Sources/AstroImageDetection-fitmodel/HAWC-ImageProcessing-3MLFit/hawc_analysis/Run1/Results/Step1-JointFit  with compute_err=False, compute_TS=False, make_maps=True
2026-08-20 18:39:50 - Pipeline - INFO - Map tree: /Users/rishi/Documents/Analysis/data/maptree-fhit2pct-pass5f-mlp-chunk1-1510.root
2026-08-20 18:39:50 - Pipeline - INFO - Detector response: /Users/rishi/Documents/Analysis/data/detRes-fhit2pct-pass5f-mlp-refit.root
2026-08-20 18:39:50 - Pipeline - INFO - Converted galactic coordinates (l=13, b=0) to equatorial (RA=273.47050143305205, Dec=-17.661928870744514)
2026-08-20 18:39:50 - Pipeline - INFO - Model file: /Users/rishi/Documents/Analysis/Sources/AstroImageDetection-fitmodel/HAWC-ImageProcessing-3MLFit/hawc_analysis/Run1/Results/Step0-Allpoint-sources/curModel.model
2026-08-20 18:39:50 - Pipeline - INFO - No ROI template provided, computing ROI from provided ra and dec
2026-08-20 18:39:50 - Pipeline - INFO - ROI center: 273.47050143305205, -17.661928870744514
2026-08-20 18:39:50 - Pipeline - INFO - Running threeML fit pipeline with bins: ['B5C0', 'B6C0', 'B7C0', 'B8C0', 'B9C0', 'B10C0']
2026-08-20 18:40:04 - Pipeline - INFO - Running MLE without error estimation
2026-08-20 18:40:43 - Pipeline - WARNING - Fit attempt 1/1 failed: 'MLEResults' object has no attribute 'save'
2026-08-20 18:41:38 - Pipeline - INFO - Starting source_fitter (DRIPS-seeded in-process fit)
2026-08-20 18:41:38 - Pipeline - INFO - Running joint fit on DRIPS seed model (/Users/rishi/Documents/Analysis/Sources/AstroImageDetection-fitmodel/HAWC-ImageProcessing-3MLFit/hawc_analysis/Run1/Results/Step0-Allpoint-sources/curModel.model) in /Users/rishi/Documents/Analysis/Sources/AstroImageDetection-fitmodel/HAWC-ImageProcessing-3MLFit/hawc_analysis/Run1/Results/Step1-JointFit
2026-08-20 18:41:38 - Pipeline - INFO - Fitting model /Users/rishi/Documents/Analysis/Sources/AstroImageDetection-fitmodel/HAWC-ImageProcessing-3MLFit/hawc_analysis/Run1/Results/Step0-Allpoint-sources/curModel.model in /Users/rishi/Documents/Analysis/Sources/AstroImageDetection-fitmodel/HAWC-ImageProcessing-3MLFit/hawc_analysis/Run1/Results/Step1-JointFit  with compute_err=False, compute_TS=False, make_maps=True
2026-08-20 18:41:38 - Pipeline - INFO - Map tree: /Users/rishi/Documents/Analysis/data/maptree-fhit2pct-pass5f-mlp-chunk1-1510.root
2026-08-20 18:41:38 - Pipeline - INFO - Detector response: /Users/rishi/Documents/Analysis/data/detRes-fhit2pct-pass5f-mlp-refit.root
2026-08-20 18:41:38 - Pipeline - INFO - Converted galactic coordinates (l=13, b=0) to equatorial (RA=273.47050143305205, Dec=-17.661928870744514)
2026-08-20 18:41:38 - Pipeline - INFO - Model file: /Users/rishi/Documents/Analysis/Sources/AstroImageDetection-fitmodel/HAWC-ImageProcessing-3MLFit/hawc_analysis/Run1/Results/Step0-Allpoint-sources/curModel.model
2026-08-20 18:41:38 - Pipeline - INFO - No ROI template provided, computing ROI from provided ra and dec
2026-08-20 18:41:38 - Pipeline - INFO - ROI center: 273.47050143305205, -17.661928870744514
2026-08-20 18:41:38 - Pipeline - INFO - Running threeML fit pipeline with bins: ['B5C0', 'B6C0', 'B7C0', 'B8C0', 'B9C0', 'B10C0']
2026-08-20 18:41:55 - Pipeline - INFO - Starting source_fitter (DRIPS-seeded in-process fit)
2026-08-20 18:41:55 - Pipeline - INFO - Running joint fit on DRIPS seed model (/Users/rishi/Documents/Analysis/Sources/AstroImageDetection-fitmodel/HAWC-ImageProcessing-3MLFit/hawc_analysis/Run1/Results/Step0-Allpoint-sources/curModel.model) in /Users/rishi/Documents/Analysis/Sources/AstroImageDetection-fitmodel/HAWC-ImageProcessing-3MLFit/hawc_analysis/Run1/Results/Step1-JointFit
2026-08-20 18:41:55 - Pipeline - INFO - Fitting model /Users/rishi/Documents/Analysis/Sources/AstroImageDetection-fitmodel/HAWC-ImageProcessing-3MLFit/hawc_analysis/Run1/Results/Step0-Allpoint-sources/curModel.model in /Users/rishi/Documents/Analysis/Sources/AstroImageDetection-fitmodel/HAWC-ImageProcessing-3MLFit/hawc_analysis/Run1/Results/Step1-JointFit  with compute_err=False, compute_TS=False, make_maps=True
2026-08-20 18:41:55 - Pipeline - INFO - Map tree: /Users/rishi/Documents/Analysis/data/maptree-fhit2pct-pass5f-mlp-chunk1-1510.root
2026-08-20 18:41:55 - Pipeline - INFO - Detector response: /Users/rishi/Documents/Analysis/data/detRes-fhit2pct-pass5f-mlp-refit.root
2026-08-20 18:41:55 - Pipeline - INFO - Converted galactic coordinates (l=13, b=0) to equatorial (RA=273.47050143305205, Dec=-17.661928870744514)
2026-08-20 18:41:55 - Pipeline - INFO - Model file: /Users/rishi/Documents/Analysis/Sources/AstroImageDetection-fitmodel/HAWC-ImageProcessing-3MLFit/hawc_analysis/Run1/Results/Step0-Allpoint-sources/curModel.model
2026-08-20 18:41:55 - Pipeline - INFO - No ROI template provided, computing ROI from provided ra and dec
2026-08-20 18:41:55 - Pipeline - INFO - ROI center: 273.47050143305205, -17.661928870744514
2026-08-20 18:41:55 - Pipeline - INFO - Running threeML fit pipeline with bins: ['B5C0', 'B6C0', 'B7C0', 'B8C0', 'B9C0', 'B10C0']
2026-08-20 18:42:10 - Pipeline - INFO - Running MLE without error estimation
2026-08-20 18:42:51 - Pipeline - WARNING - Fit attempt 1/1 failed: 'MLEResults' object has no attribute 'save'
2026-08-20 18:43:31 - Pipeline - INFO - Starting source_fitter (DRIPS-seeded in-process fit)
2026-08-20 18:43:31 - Pipeline - INFO - Running joint fit on DRIPS seed model (/Users/rishi/Documents/Analysis/Sources/AstroImageDetection-fitmodel/HAWC-ImageProcessing-3MLFit/hawc_analysis/Run1/Results/Step0-Allpoint-sources/curModel.model) in /Users/rishi/Documents/Analysis/Sources/AstroImageDetection-fitmodel/HAWC-ImageProcessing-3MLFit/hawc_analysis/Run1/Results/Step1-JointFit
2026-08-20 18:43:31 - Pipeline - INFO - Fitting model /Users/rishi/Documents/Analysis/Sources/AstroImageDetection-fitmodel/HAWC-ImageProcessing-3MLFit/hawc_analysis/Run1/Results/Step0-Allpoint-sources/curModel.model in /Users/rishi/Documents/Analysis/Sources/AstroImageDetection-fitmodel/HAWC-ImageProcessing-3MLFit/hawc_analysis/Run1/Results/Step1-JointFit  with compute_err=False, compute_TS=False, make_maps=True
2026-08-20 18:43:31 - Pipeline - INFO - Map tree: /Users/rishi/Documents/Analysis/data/maptree-fhit2pct-pass5f-mlp-chunk1-1510.root
2026-08-20 18:43:31 - Pipeline - INFO - Detector response: /Users/rishi/Documents/Analysis/data/detRes-fhit2pct-pass5f-mlp-refit.root
2026-08-20 18:43:31 - Pipeline - INFO - Converted galactic coordinates (l=13, b=0) to equatorial (RA=273.47050143305205, Dec=-17.661928870744514)
2026-08-20 18:43:31 - Pipeline - INFO - Model file: /Users/rishi/Documents/Analysis/Sources/AstroImageDetection-fitmodel/HAWC-ImageProcessing-3MLFit/hawc_analysis/Run1/Results/Step0-Allpoint-sources/curModel.model
2026-08-20 18:43:31 - Pipeline - INFO - No ROI template provided, computing ROI from provided ra and dec
2026-08-20 18:43:31 - Pipeline - INFO - ROI center: 273.47050143305205, -17.661928870744514
2026-08-20 18:43:31 - Pipeline - INFO - Running threeML fit pipeline with bins: ['B5C0', 'B6C0', 'B7C0', 'B8C0', 'B9C0', 'B10C0']
2026-08-20 18:43:46 - Pipeline - INFO - Running MLE without error estimation
2026-08-20 18:44:29 - Pipeline - INFO - Fit results saved to /Users/rishi/Documents/Analysis/Sources/AstroImageDetection-fitmodel/HAWC-ImageProcessing-3MLFit/hawc_analysis/Run1/Results/Step1-JointFit/likeResults.fits
2026-08-20 18:44:29 - Pipeline - INFO - Saving HAL output maps
2026-08-20 18:44:29 - Pipeline - INFO - SAVE A BIG MAP
2026-08-20 18:44:55 - Pipeline - INFO - Writing model map...
2026-08-20 18:44:56 - Pipeline - INFO - Fit Step1-JointFit: -logL=118441.630, AIC=236911.259 (1.42 min)
2026-08-20 18:58:28 - Pipeline - INFO - Converted galactic coordinates (l=13, b=0) to equatorial (RA=273.47050143305205, Dec=-17.661928870744514)
2026-08-20 19:02:12 - Pipeline - INFO - Converting HDF5 to FITS: residual_fit.hd5
2026-08-20 19:02:16 - Pipeline - INFO - Created FITS file: /Users/rishi/Documents/Analysis/Sources/AstroImageDetection-fitmodel/HAWC-ImageProcessing-3MLFit/hawc_analysis/Run1/Results/Step1-JointFit/fits/residual_binB5C0.fits.gz
2026-08-20 19:02:19 - Pipeline - INFO - Created FITS file: /Users/rishi/Documents/Analysis/Sources/AstroImageDetection-fitmodel/HAWC-ImageProcessing-3MLFit/hawc_analysis/Run1/Results/Step1-JointFit/fits/residual_binB6C0.fits.gz
2026-08-20 19:02:21 - Pipeline - INFO - Created FITS file: /Users/rishi/Documents/Analysis/Sources/AstroImageDetection-fitmodel/HAWC-ImageProcessing-3MLFit/hawc_analysis/Run1/Results/Step1-JointFit/fits/residual_binB7C0.fits.gz
2026-08-20 19:02:23 - Pipeline - INFO - Created FITS file: /Users/rishi/Documents/Analysis/Sources/AstroImageDetection-fitmodel/HAWC-ImageProcessing-3MLFit/hawc_analysis/Run1/Results/Step1-JointFit/fits/residual_binB8C0.fits.gz
2026-08-20 19:02:25 - Pipeline - INFO - Created FITS file: /Users/rishi/Documents/Analysis/Sources/AstroImageDetection-fitmodel/HAWC-ImageProcessing-3MLFit/hawc_analysis/Run1/Results/Step1-JointFit/fits/residual_binB9C0.fits.gz
2026-08-20 19:02:26 - Pipeline - INFO - Created FITS file: /Users/rishi/Documents/Analysis/Sources/AstroImageDetection-fitmodel/HAWC-ImageProcessing-3MLFit/hawc_analysis/Run1/Results/Step1-JointFit/fits/residual_binB10C0.fits.gz
2026-08-20 19:02:26 - Pipeline - INFO - Successfully converted 6 energy bins to FITS
2026-08-20 19:03:20 - Pipeline - INFO - Converting HDF5 to FITS: residual_fit.hd5
2026-08-20 19:03:24 - Pipeline - INFO - Created FITS file: /Users/rishi/Documents/Analysis/Sources/AstroImageDetection-fitmodel/HAWC-ImageProcessing-3MLFit/hawc_analysis/Run1/Results/Step1-JointFit/fits/residual_binB5C0.fits.gz
2026-08-20 19:03:27 - Pipeline - INFO - Created FITS file: /Users/rishi/Documents/Analysis/Sources/AstroImageDetection-fitmodel/HAWC-ImageProcessing-3MLFit/hawc_analysis/Run1/Results/Step1-JointFit/fits/residual_binB6C0.fits.gz
2026-08-20 19:03:29 - Pipeline - INFO - Created FITS file: /Users/rishi/Documents/Analysis/Sources/AstroImageDetection-fitmodel/HAWC-ImageProcessing-3MLFit/hawc_analysis/Run1/Results/Step1-JointFit/fits/residual_binB7C0.fits.gz
2026-08-20 19:03:31 - Pipeline - INFO - Created FITS file: /Users/rishi/Documents/Analysis/Sources/AstroImageDetection-fitmodel/HAWC-ImageProcessing-3MLFit/hawc_analysis/Run1/Results/Step1-JointFit/fits/residual_binB8C0.fits.gz
2026-08-20 19:03:33 - Pipeline - INFO - Created FITS file: /Users/rishi/Documents/Analysis/Sources/AstroImageDetection-fitmodel/HAWC-ImageProcessing-3MLFit/hawc_analysis/Run1/Results/Step1-JointFit/fits/residual_binB9C0.fits.gz
2026-08-20 19:03:34 - Pipeline - INFO - Created FITS file: /Users/rishi/Documents/Analysis/Sources/AstroImageDetection-fitmodel/HAWC-ImageProcessing-3MLFit/hawc_analysis/Run1/Results/Step1-JointFit/fits/residual_binB10C0.fits.gz
2026-08-20 19:03:34 - Pipeline - INFO - Successfully converted 6 energy bins to FITS
2026-08-20 19:11:37 - Pipeline - INFO - Converting HDF5 to FITS: residual_fit.hd5
2026-08-20 19:11:41 - Pipeline - INFO - Created FITS file: /Users/rishi/Documents/Analysis/Sources/AstroImageDetection-fitmodel/HAWC-ImageProcessing-3MLFit/hawc_analysis/Run1/Results/Step1-JointFit/fits/residual_binB5C0.fits.gz
2026-08-20 19:11:44 - Pipeline - INFO - Created FITS file: /Users/rishi/Documents/Analysis/Sources/AstroImageDetection-fitmodel/HAWC-ImageProcessing-3MLFit/hawc_analysis/Run1/Results/Step1-JointFit/fits/residual_binB6C0.fits.gz
2026-08-20 19:11:46 - Pipeline - INFO - Created FITS file: /Users/rishi/Documents/Analysis/Sources/AstroImageDetection-fitmodel/HAWC-ImageProcessing-3MLFit/hawc_analysis/Run1/Results/Step1-JointFit/fits/residual_binB7C0.fits.gz
2026-08-20 19:11:48 - Pipeline - INFO - Created FITS file: /Users/rishi/Documents/Analysis/Sources/AstroImageDetection-fitmodel/HAWC-ImageProcessing-3MLFit/hawc_analysis/Run1/Results/Step1-JointFit/fits/residual_binB8C0.fits.gz
2026-08-20 19:11:50 - Pipeline - INFO - Created FITS file: /Users/rishi/Documents/Analysis/Sources/AstroImageDetection-fitmodel/HAWC-ImageProcessing-3MLFit/hawc_analysis/Run1/Results/Step1-JointFit/fits/residual_binB9C0.fits.gz
2026-08-20 19:11:52 - Pipeline - INFO - Created FITS file: /Users/rishi/Documents/Analysis/Sources/AstroImageDetection-fitmodel/HAWC-ImageProcessing-3MLFit/hawc_analysis/Run1/Results/Step1-JointFit/fits/residual_binB10C0.fits.gz
2026-08-20 19:11:52 - Pipeline - INFO - Successfully converted 6 energy bins to FITS
2026-08-20 19:12:20 - Pipeline - INFO - Converting HDF5 to FITS: residual_fit.hd5
2026-08-20 19:12:25 - Pipeline - INFO - Created FITS file: /Users/rishi/Documents/Analysis/Sources/AstroImageDetection-fitmodel/HAWC-ImageProcessing-3MLFit/hawc_analysis/Run1/Results/Step1-JointFit/fits/residual_binB5C0.fits.gz
2026-08-20 19:12:28 - Pipeline - INFO - Created FITS file: /Users/rishi/Documents/Analysis/Sources/AstroImageDetection-fitmodel/HAWC-ImageProcessing-3MLFit/hawc_analysis/Run1/Results/Step1-JointFit/fits/residual_binB6C0.fits.gz
2026-08-20 19:12:30 - Pipeline - INFO - Created FITS file: /Users/rishi/Documents/Analysis/Sources/AstroImageDetection-fitmodel/HAWC-ImageProcessing-3MLFit/hawc_analysis/Run1/Results/Step1-JointFit/fits/residual_binB7C0.fits.gz
2026-08-20 19:12:32 - Pipeline - INFO - Created FITS file: /Users/rishi/Documents/Analysis/Sources/AstroImageDetection-fitmodel/HAWC-ImageProcessing-3MLFit/hawc_analysis/Run1/Results/Step1-JointFit/fits/residual_binB8C0.fits.gz
2026-08-20 19:12:34 - Pipeline - INFO - Created FITS file: /Users/rishi/Documents/Analysis/Sources/AstroImageDetection-fitmodel/HAWC-ImageProcessing-3MLFit/hawc_analysis/Run1/Results/Step1-JointFit/fits/residual_binB9C0.fits.gz
2026-08-20 19:12:36 - Pipeline - INFO - Created FITS file: /Users/rishi/Documents/Analysis/Sources/AstroImageDetection-fitmodel/HAWC-ImageProcessing-3MLFit/hawc_analysis/Run1/Results/Step1-JointFit/fits/residual_binB10C0.fits.gz
2026-08-20 19:12:36 - Pipeline - INFO - Successfully converted 6 energy bins to FITS
2026-08-20 19:13:55 - Pipeline - INFO - Converting HDF5 to FITS: residual_fit.hd5
2026-08-20 19:13:59 - Pipeline - INFO - Created FITS file: /Users/rishi/Documents/Analysis/Sources/AstroImageDetection-fitmodel/HAWC-ImageProcessing-3MLFit/hawc_analysis/Run1/Results/Step1-JointFit/fits/residual_binB5C0.fits.gz
2026-08-20 19:14:02 - Pipeline - INFO - Created FITS file: /Users/rishi/Documents/Analysis/Sources/AstroImageDetection-fitmodel/HAWC-ImageProcessing-3MLFit/hawc_analysis/Run1/Results/Step1-JointFit/fits/residual_binB6C0.fits.gz
2026-08-20 19:14:04 - Pipeline - INFO - Created FITS file: /Users/rishi/Documents/Analysis/Sources/AstroImageDetection-fitmodel/HAWC-ImageProcessing-3MLFit/hawc_analysis/Run1/Results/Step1-JointFit/fits/residual_binB7C0.fits.gz
2026-08-20 19:14:06 - Pipeline - INFO - Created FITS file: /Users/rishi/Documents/Analysis/Sources/AstroImageDetection-fitmodel/HAWC-ImageProcessing-3MLFit/hawc_analysis/Run1/Results/Step1-JointFit/fits/residual_binB8C0.fits.gz
2026-08-20 19:14:08 - Pipeline - INFO - Created FITS file: /Users/rishi/Documents/Analysis/Sources/AstroImageDetection-fitmodel/HAWC-ImageProcessing-3MLFit/hawc_analysis/Run1/Results/Step1-JointFit/fits/residual_binB9C0.fits.gz
2026-08-20 19:14:10 - Pipeline - INFO - Created FITS file: /Users/rishi/Documents/Analysis/Sources/AstroImageDetection-fitmodel/HAWC-ImageProcessing-3MLFit/hawc_analysis/Run1/Results/Step1-JointFit/fits/residual_binB10C0.fits.gz
2026-08-20 19:14:10 - Pipeline - INFO - Successfully converted 6 energy bins to FITS
2026-08-20 19:14:25 - Pipeline - INFO - Converting HDF5 to FITS: residual_fit.hd5
2026-08-20 19:14:29 - Pipeline - INFO - Created FITS file: /Users/rishi/Documents/Analysis/Sources/AstroImageDetection-fitmodel/HAWC-ImageProcessing-3MLFit/hawc_analysis/Run1/Results/Step1-JointFit/fits/residual_binB5C0.fits.gz
2026-08-20 19:14:32 - Pipeline - INFO - Created FITS file: /Users/rishi/Documents/Analysis/Sources/AstroImageDetection-fitmodel/HAWC-ImageProcessing-3MLFit/hawc_analysis/Run1/Results/Step1-JointFit/fits/residual_binB6C0.fits.gz
2026-08-20 19:14:34 - Pipeline - INFO - Created FITS file: /Users/rishi/Documents/Analysis/Sources/AstroImageDetection-fitmodel/HAWC-ImageProcessing-3MLFit/hawc_analysis/Run1/Results/Step1-JointFit/fits/residual_binB7C0.fits.gz
2026-08-20 19:14:36 - Pipeline - INFO - Created FITS file: /Users/rishi/Documents/Analysis/Sources/AstroImageDetection-fitmodel/HAWC-ImageProcessing-3MLFit/hawc_analysis/Run1/Results/Step1-JointFit/fits/residual_binB8C0.fits.gz
2026-08-20 19:14:38 - Pipeline - INFO - Created FITS file: /Users/rishi/Documents/Analysis/Sources/AstroImageDetection-fitmodel/HAWC-ImageProcessing-3MLFit/hawc_analysis/Run1/Results/Step1-JointFit/fits/residual_binB9C0.fits.gz
2026-08-20 19:14:40 - Pipeline - INFO - Created FITS file: /Users/rishi/Documents/Analysis/Sources/AstroImageDetection-fitmodel/HAWC-ImageProcessing-3MLFit/hawc_analysis/Run1/Results/Step1-JointFit/fits/residual_binB10C0.fits.gz
2026-08-20 19:14:40 - Pipeline - INFO - Successfully converted 6 energy bins to FITS
2026-08-20 19:16:06 - Pipeline - INFO - Converting HDF5 to FITS: residual_fit.hd5
2026-08-20 19:16:10 - Pipeline - INFO - Created FITS file: /Users/rishi/Documents/Analysis/Sources/AstroImageDetection-fitmodel/HAWC-ImageProcessing-3MLFit/hawc_analysis/Run1/Results/Step1-JointFit/fits/residual_binB5C0.fits.gz
2026-08-20 19:16:13 - Pipeline - INFO - Created FITS file: /Users/rishi/Documents/Analysis/Sources/AstroImageDetection-fitmodel/HAWC-ImageProcessing-3MLFit/hawc_analysis/Run1/Results/Step1-JointFit/fits/residual_binB6C0.fits.gz
2026-08-20 19:16:15 - Pipeline - INFO - Created FITS file: /Users/rishi/Documents/Analysis/Sources/AstroImageDetection-fitmodel/HAWC-ImageProcessing-3MLFit/hawc_analysis/Run1/Results/Step1-JointFit/fits/residual_binB7C0.fits.gz
2026-08-20 19:16:18 - Pipeline - INFO - Created FITS file: /Users/rishi/Documents/Analysis/Sources/AstroImageDetection-fitmodel/HAWC-ImageProcessing-3MLFit/hawc_analysis/Run1/Results/Step1-JointFit/fits/residual_binB8C0.fits.gz
2026-08-20 19:16:19 - Pipeline - INFO - Created FITS file: /Users/rishi/Documents/Analysis/Sources/AstroImageDetection-fitmodel/HAWC-ImageProcessing-3MLFit/hawc_analysis/Run1/Results/Step1-JointFit/fits/residual_binB9C0.fits.gz
2026-08-20 19:16:21 - Pipeline - INFO - Created FITS file: /Users/rishi/Documents/Analysis/Sources/AstroImageDetection-fitmodel/HAWC-ImageProcessing-3MLFit/hawc_analysis/Run1/Results/Step1-JointFit/fits/residual_binB10C0.fits.gz
2026-08-20 19:16:21 - Pipeline - INFO - Successfully converted 6 energy bins to FITS
2026-08-20 19:16:21 - Pipeline - INFO - Creating HEALPix map from 6 FITS files
2026-08-20 19:16:21 - Pipeline - INFO - Energy bins: ['B5C0', 'B6C0', 'B7C0', 'B8C0', 'B9C0', 'B10C0']
2026-08-20 19:16:21 - Pipeline - INFO - Executing HealpixSigFluxMap command:
2026-08-20 19:16:42 - Pipeline - INFO - HEALPix map created successfully: /Users/rishi/Documents/Analysis/Sources/AstroImageDetection-fitmodel/HAWC-ImageProcessing-3MLFit/hawc_analysis/Run1/Results/Step1-JointFit/fits/residual.fits
2026-08-20 19:17:39 - Pipeline - INFO - Converting HDF5 to FITS: residual_fit.hd5
2026-08-20 19:17:43 - Pipeline - INFO - Created FITS file: /Users/rishi/Documents/Analysis/Sources/AstroImageDetection-fitmodel/HAWC-ImageProcessing-3MLFit/hawc_analysis/Run1/Results/Step1-JointFit/fits/residual_binB5C0.fits.gz
2026-08-20 19:17:46 - Pipeline - INFO - Created FITS file: /Users/rishi/Documents/Analysis/Sources/AstroImageDetection-fitmodel/HAWC-ImageProcessing-3MLFit/hawc_analysis/Run1/Results/Step1-JointFit/fits/residual_binB6C0.fits.gz
2026-08-20 19:17:48 - Pipeline - INFO - Created FITS file: /Users/rishi/Documents/Analysis/Sources/AstroImageDetection-fitmodel/HAWC-ImageProcessing-3MLFit/hawc_analysis/Run1/Results/Step1-JointFit/fits/residual_binB7C0.fits.gz
2026-08-20 19:17:50 - Pipeline - INFO - Created FITS file: /Users/rishi/Documents/Analysis/Sources/AstroImageDetection-fitmodel/HAWC-ImageProcessing-3MLFit/hawc_analysis/Run1/Results/Step1-JointFit/fits/residual_binB8C0.fits.gz
2026-08-20 19:17:52 - Pipeline - INFO - Created FITS file: /Users/rishi/Documents/Analysis/Sources/AstroImageDetection-fitmodel/HAWC-ImageProcessing-3MLFit/hawc_analysis/Run1/Results/Step1-JointFit/fits/residual_binB9C0.fits.gz
2026-08-20 19:17:54 - Pipeline - INFO - Created FITS file: /Users/rishi/Documents/Analysis/Sources/AstroImageDetection-fitmodel/HAWC-ImageProcessing-3MLFit/hawc_analysis/Run1/Results/Step1-JointFit/fits/residual_binB10C0.fits.gz
2026-08-20 19:17:54 - Pipeline - INFO - Successfully converted 6 energy bins to FITS
2026-08-20 19:17:54 - Pipeline - INFO - Creating HEALPix map from 6 FITS files
2026-08-20 19:17:54 - Pipeline - INFO - Energy bins: ['B5C0', 'B6C0', 'B7C0', 'B8C0', 'B9C0', 'B10C0']
2026-08-20 19:17:54 - Pipeline - INFO - Executing HealpixSigFluxMap command:
2026-08-20 19:17:54 - Pipeline - ERROR - HealpixSigFluxMap command failed: Command '['pixi', 'run', '-e', 'threeml', '--manifest-path', '/Users/rishi/Documents/Analysis/aerie', 'aerie-apps-HealpixSigFluxMap', '-i', '/Users/rishi/Documents/Analysis/Sources/AstroImageDetection-fitmodel/HAWC-ImageProcessing-3MLFit/hawc_analysis/Run1/Results/Step1-JointFit/fits/residual_binB5C0.fits.gz', '/Users/rishi/Documents/Analysis/Sources/AstroImageDetection-fitmodel/HAWC-ImageProcessing-3MLFit/hawc_analysis/Run1/Results/Step1-JointFit/fits/residual_binB6C0.fits.gz', '/Users/rishi/Documents/Analysis/Sources/AstroImageDetection-fitmodel/HAWC-ImageProcessing-3MLFit/hawc_analysis/Run1/Results/Step1-JointFit/fits/residual_binB7C0.fits.gz', '/Users/rishi/Documents/Analysis/Sources/AstroImageDetection-fitmodel/HAWC-ImageProcessing-3MLFit/hawc_analysis/Run1/Results/Step1-JointFit/fits/residual_binB8C0.fits.gz', '/Users/rishi/Documents/Analysis/Sources/AstroImageDetection-fitmodel/HAWC-ImageProcessing-3MLFit/hawc_analysis/Run1/Results/Step1-JointFit/fits/residual_binB9C0.fits.gz', '/Users/rishi/Documents/Analysis/Sources/AstroImageDetection-fitmodel/HAWC-ImageProcessing-3MLFit/hawc_analysis/Run1/Results/Step1-JointFit/fits/residual_binB10C0.fits.gz', '-b', 'B5C0', 'B6C0', 'B7C0', 'B8C0', 'B9C0', 'B10C0', '-d', '/Users/rishi/Documents/Analysis/data/detRes-fhit2pct-pass5f-mlp-refit.root', '--index', '2.6', '--pivot', '7', '--window', '273.47050143305205', '342.33807112925547', '8.5', '11.0', '--negFlux', '--negSignif', '-o', '/Users/rishi/Documents/Analysis/Sources/AstroImageDetection-fitmodel/HAWC-ImageProcessing-3MLFit/hawc_analysis/Run1/Results/Step1-JointFit/fits/residual.fits']' returned non-zero exit status 134.
2026-08-20 19:17:54 - Pipeline - ERROR - STDOUT: None
2026-08-20 19:17:54 - Pipeline - ERROR - STDERR: None
2026-08-20 19:18:13 - Pipeline - INFO - Converting HDF5 to FITS: residual_fit.hd5
2026-08-20 19:18:17 - Pipeline - INFO - Created FITS file: /Users/rishi/Documents/Analysis/Sources/AstroImageDetection-fitmodel/HAWC-ImageProcessing-3MLFit/hawc_analysis/Run1/Results/Step1-JointFit/fits/residual_binB5C0.fits.gz
2026-08-20 19:18:20 - Pipeline - INFO - Created FITS file: /Users/rishi/Documents/Analysis/Sources/AstroImageDetection-fitmodel/HAWC-ImageProcessing-3MLFit/hawc_analysis/Run1/Results/Step1-JointFit/fits/residual_binB6C0.fits.gz
2026-08-20 19:18:22 - Pipeline - INFO - Created FITS file: /Users/rishi/Documents/Analysis/Sources/AstroImageDetection-fitmodel/HAWC-ImageProcessing-3MLFit/hawc_analysis/Run1/Results/Step1-JointFit/fits/residual_binB7C0.fits.gz
2026-08-20 19:18:24 - Pipeline - INFO - Created FITS file: /Users/rishi/Documents/Analysis/Sources/AstroImageDetection-fitmodel/HAWC-ImageProcessing-3MLFit/hawc_analysis/Run1/Results/Step1-JointFit/fits/residual_binB8C0.fits.gz
2026-08-20 19:18:26 - Pipeline - INFO - Created FITS file: /Users/rishi/Documents/Analysis/Sources/AstroImageDetection-fitmodel/HAWC-ImageProcessing-3MLFit/hawc_analysis/Run1/Results/Step1-JointFit/fits/residual_binB9C0.fits.gz
2026-08-20 19:18:28 - Pipeline - INFO - Created FITS file: /Users/rishi/Documents/Analysis/Sources/AstroImageDetection-fitmodel/HAWC-ImageProcessing-3MLFit/hawc_analysis/Run1/Results/Step1-JointFit/fits/residual_binB10C0.fits.gz
2026-08-20 19:18:28 - Pipeline - INFO - Successfully converted 6 energy bins to FITS
2026-08-20 19:18:43 - Pipeline - INFO - Converting HDF5 to FITS: residual_fit.hd5
2026-08-20 19:18:47 - Pipeline - INFO - Created FITS file: /Users/rishi/Documents/Analysis/Sources/AstroImageDetection-fitmodel/HAWC-ImageProcessing-3MLFit/hawc_analysis/Run1/Results/Step1-JointFit/fits/residual_binB5C0.fits.gz
2026-08-20 19:18:50 - Pipeline - INFO - Created FITS file: /Users/rishi/Documents/Analysis/Sources/AstroImageDetection-fitmodel/HAWC-ImageProcessing-3MLFit/hawc_analysis/Run1/Results/Step1-JointFit/fits/residual_binB6C0.fits.gz
2026-08-20 19:18:52 - Pipeline - INFO - Created FITS file: /Users/rishi/Documents/Analysis/Sources/AstroImageDetection-fitmodel/HAWC-ImageProcessing-3MLFit/hawc_analysis/Run1/Results/Step1-JointFit/fits/residual_binB7C0.fits.gz
2026-08-20 19:18:54 - Pipeline - INFO - Created FITS file: /Users/rishi/Documents/Analysis/Sources/AstroImageDetection-fitmodel/HAWC-ImageProcessing-3MLFit/hawc_analysis/Run1/Results/Step1-JointFit/fits/residual_binB8C0.fits.gz
2026-08-20 19:18:56 - Pipeline - INFO - Created FITS file: /Users/rishi/Documents/Analysis/Sources/AstroImageDetection-fitmodel/HAWC-ImageProcessing-3MLFit/hawc_analysis/Run1/Results/Step1-JointFit/fits/residual_binB9C0.fits.gz
2026-08-20 19:18:58 - Pipeline - INFO - Created FITS file: /Users/rishi/Documents/Analysis/Sources/AstroImageDetection-fitmodel/HAWC-ImageProcessing-3MLFit/hawc_analysis/Run1/Results/Step1-JointFit/fits/residual_binB10C0.fits.gz
2026-08-20 19:18:58 - Pipeline - INFO - Successfully converted 6 energy bins to FITS
2026-08-20 19:18:58 - Pipeline - INFO - Output FITS file /Users/rishi/Documents/Analysis/Sources/AstroImageDetection-fitmodel/HAWC-ImageProcessing-3MLFit/hawc_analysis/Run1/Results/Step1-JointFit/fits/residual.fits already exists, skipping map generation
2026-08-20 19:25:26 - Pipeline - INFO - Max value in residual map: 6.946043620633561
2026-08-20 19:28:03 - Pipeline - INFO - Max value in residual map: 6.946043620633561
2026-08-20 19:28:52 - Pipeline - INFO - Max value in residual map: 6.946043620633561
2026-08-20 19:33:43 - Pipeline - INFO - Source Source0
2026-08-20 19:33:43 - Pipeline - INFO - Source Source1
2026-08-20 19:33:43 - Pipeline - INFO - Source Source2
2026-08-20 19:33:55 - Pipeline - INFO - Source Source0
2026-08-20 19:34:12 - Pipeline - INFO - Source Source0
2026-08-20 19:34:53 - Pipeline - INFO - Source Source0
2026-08-20 19:34:53 - Pipeline - INFO - Source position: RA=273.3915976133676, Dec=-17.75744298002079
2026-08-20 19:34:53 - Pipeline - INFO - Source Source1
2026-08-20 19:35:11 - Pipeline - INFO - Source Source0
2026-08-20 19:35:11 - Pipeline - INFO - Source Source1
2026-08-20 19:35:11 - Pipeline - INFO - Source Source2
2026-08-20 19:36:09 - Pipeline - INFO - Source Source0
2026-08-20 19:36:09 - Pipeline - INFO - Source position: RA=273.3915976133676, Dec=-17.75744298002079
2026-08-20 19:36:09 - Pipeline - INFO - Source Source1
2026-08-20 19:36:32 - Pipeline - INFO - Source Source0
2026-08-20 19:36:32 - Pipeline - INFO - Source position: RA=273.3915976133676, Dec=-17.75744298002079
2026-08-20 19:36:32 - Pipeline - INFO - Source Source1
2026-08-20 19:39:03 - Pipeline - INFO - Source Source0
2026-08-20 19:39:03 - Pipeline - INFO - Source position: RA=273.3915976133676, Dec=-17.75744298002079
2026-08-20 19:39:03 - Pipeline - INFO - Source Source1
2026-08-20 19:39:03 - Pipeline - INFO - Source position: RA=274.65636180727756, Dec=-16.138587937533348
2026-08-20 19:39:03 - Pipeline - INFO - Source Source2
2026-08-20 19:39:03 - Pipeline - INFO - Source position: RA=272.40535065185026, Dec=-19.34492631322264
2026-08-20 19:40:52 - Pipeline - INFO - Source Source0
2026-08-20 19:41:20 - Pipeline - INFO - Source Source0
2026-08-20 19:41:20 - Pipeline - INFO - Source position: RA=273.3915976133676, Dec=-17.75744298002079
2026-08-20 19:41:29 - Pipeline - INFO - Source Source0
2026-08-20 19:41:29 - Pipeline - INFO - Source position: RA=273.3915976133676, Dec=-17.75744298002079
2026-08-20 19:41:29 - Pipeline - INFO - Source Source1
2026-08-20 19:41:29 - Pipeline - INFO - Source position: RA=274.65636180727756, Dec=-16.138587937533348
2026-08-20 19:41:29 - Pipeline - INFO - Source Source2
2026-08-20 19:41:29 - Pipeline - INFO - Source position: RA=272.40535065185026, Dec=-19.34492631322264
2026-08-20 19:43:39 - Pipeline - INFO - Source Source0
2026-08-20 19:43:39 - Pipeline - INFO - Source position: RA=273.3915976133676, Dec=-17.75744298002079
2026-08-20 19:43:39 - Pipeline - INFO - Source Source1
2026-08-20 19:43:39 - Pipeline - INFO - Source position: RA=274.65636180727756, Dec=-16.138587937533348
2026-08-20 19:43:39 - Pipeline - INFO - Source Source2
2026-08-20 19:43:39 - Pipeline - INFO - Source position: RA=272.40535065185026, Dec=-19.34492631322264
2026-08-20 19:43:51 - Pipeline - INFO - Source Source0
2026-08-20 19:43:51 - Pipeline - INFO - Source position: RA=273.3915976133676, Dec=-17.75744298002079
2026-08-20 19:43:51 - Pipeline - INFO - Source Source1
2026-08-20 19:43:51 - Pipeline - INFO - Source position: RA=274.65636180727756, Dec=-16.138587937533348
2026-08-20 19:43:51 - Pipeline - INFO - Source Source2
2026-08-20 19:43:51 - Pipeline - INFO - Source position: RA=272.40535065185026, Dec=-19.34492631322264
2026-08-20 19:43:58 - Pipeline - INFO - Source Source0
2026-08-20 19:43:58 - Pipeline - INFO - Source position: RA=273.3915976133676, Dec=-17.75744298002079
2026-08-20 19:43:58 - Pipeline - INFO - Source Source1
2026-08-20 19:43:58 - Pipeline - INFO - Source position: RA=274.65636180727756, Dec=-16.138587937533348
2026-08-20 19:43:58 - Pipeline - INFO - Source Source2
2026-08-20 19:43:58 - Pipeline - INFO - Source position: RA=272.40535065185026, Dec=-19.34492631322264
2026-08-20 19:43:58 - Pipeline - INFO - Max value in residual map: 6.946043620633561
