2026-07-18 18:20:22 - Pipeline - INFO - Pipeline logger initialized
2026-07-18 18:20:22 - Pipeline - INFO - Log level: INFO
2026-07-18 18:20:22 - Pipeline - INFO - Pipeline log: logs/pipeline_20260718_182022.log
2026-07-18 18:20:22 - Pipeline - INFO - Full log: logs/full_log_20260718_182022.log
2026-07-18 18:20:22 - Pipeline - INFO - Pipeline test
2026-07-18 18:20:22 - Pipeline - INFO - Initialized DirectoryManager at fit_results
2026-07-18 18:20:22 - Pipeline - INFO - Directory structure created at fit_results
2026-07-18 18:20:22 - Pipeline - INFO - Loading HAWC data: Celestial RA=83.5, Dec=22.0
2026-07-18 18:20:25 - Pipeline - INFO - Loaded map dimensions: 1440x1440 pixels
2026-07-18 18:20:25 - Pipeline - INFO - Pixel size: 0.005556 degrees/pixel
2026-07-18 18:20:25 - Pipeline - INFO - Peak pixel location: (np.int64(724), np.int64(700))
2026-07-18 18:20:25 - Pipeline - INFO - Peak sky location: <SkyCoord (ICRS): (ra, dec) in deg
    (83.62647266, 22.02496031)>
2026-07-18 18:20:25 - Pipeline - INFO - Peak significance: 355.86 sigma
2026-07-18 18:20:25 - Pipeline - INFO - Searching for FITS files in /Users/rishi/Documents/Analysis/data/fhitcountmaps/
2026-07-18 18:20:25 - Pipeline - INFO - Looking for bins: ['B2C0']
2026-07-18 18:20:25 - Pipeline - INFO - Found 1/1 energy bins
2026-07-18 18:20:25 - Pipeline - INFO - Creating HEALPix map from 1 FITS files
2026-07-18 18:20:25 - Pipeline - INFO - Energy bins: ['B2C0']
2026-07-18 18:20:25 - Pipeline - INFO - Executing HealpixSigFluxMap command:
2026-07-18 18:20:26 - Pipeline - ERROR - HealpixSigFluxMap command failed: Command '['pixi', 'run', 'aerie-apps-HealpixSigFluxMap', '-i', '/Users/rishi/Documents/Analysis/data/fhitcountmaps/binB2C0-rejiggered.fits.gz', '-b', 'B2C0', '-d', '/Users/rishi/Documents/Analysis/data/detRes-fhit2pct-pass5f-mlp-refit.root', '--index', '2.6', '--pivot', '7', '--window', '83.5', '22.0', '5.0', '5.0', '--negFlux', '--negSignif', '-o', 'significance_map.fits']' returned non-zero exit status 134.
2026-07-18 18:20:26 - Pipeline - ERROR - STDOUT: 
2026-07-18 18:20:26 - Pipeline - ERROR - STDERR: 
WARNING: version mismatch between CFITSIO header (v4.006002) and linked library (v4.0602).

WARNING [CommandLineConfigurator.cc, enableFPExceptions:213]: Floating point exceptions will not be enabled on thisarchitecture
FATAL ERROR [HealpixSigFluxMap.cc, main:147]: significance_map.fits already exists
libc++abi: terminating due to uncaught exception of type std::runtime_error: significance_map.fits already exists

