2026-08-20 20:21:43 - Pipeline - INFO - Pipeline logger initialized
2026-08-20 20:21:43 - Pipeline - INFO - Log level: INFO
2026-08-20 20:21:43 - Pipeline - INFO - Pipeline log: logs/pipeline_20260820_202143.log
2026-08-20 20:21:43 - Pipeline - INFO - Full log: logs/full_log_20260820_202143.log
2026-08-20 20:21:43 - Pipeline - INFO - Pipeline test
2026-08-20 20:21:43 - Pipeline - INFO - Initialized DirectoryManager at /Users/rishi/Documents/Analysis/Sources/AstroImageDetection-fitmodel/HAWC-ImageProcessing-3MLFit/hawc_analysis/Run1
2026-08-20 20:21:43 - Pipeline - INFO - Directory structure created at /Users/rishi/Documents/Analysis/Sources/AstroImageDetection-fitmodel/HAWC-ImageProcessing-3MLFit/hawc_analysis/Run1
2026-08-20 20:21:43 - Pipeline - INFO - Converted galactic coordinates (l=13.5, b=0) to equatorial (RA=273.72100167883474, Dec=-17.222738748900706)
2026-08-20 20:21:44 - Pipeline - INFO - Significance map already exists at /Users/rishi/Documents/Analysis/Sources/AstroImageDetection-fitmodel/HAWC-ImageProcessing-3MLFit/hawc_analysis/Run1/DataMapDir/significance_map.fits, skipping generation
2026-08-20 20:21:44 - Pipeline - INFO - Searching for FITS files in /Users/rishi/Documents/Analysis/data/fhitcountmaps/
2026-08-20 20:21:44 - Pipeline - INFO - Looking for bins: ['B5C0', 'B6C0', 'B7C0', 'B8C0', 'B9C0', 'B10C0']
2026-08-20 20:21:44 - Pipeline - INFO - Found 6/6 energy bins
2026-08-20 20:21:44 - Pipeline - INFO - Creating HEALPix map from 6 FITS files
2026-08-20 20:21:44 - Pipeline - INFO - Energy bins: ['B5C0', 'B6C0', 'B7C0', 'B8C0', 'B9C0', 'B10C0']
2026-08-20 20:21:44 - Pipeline - INFO - Executing HealpixSigFluxMap command:
2026-08-20 20:22:10 - Pipeline - INFO - HEALPix map created successfully: /Users/rishi/Documents/Analysis/Sources/AstroImageDetection-fitmodel/HAWC-ImageProcessing-3MLFit/hawc_analysis/Run1/DataMapDir/significance_map.fits
2026-08-20 20:22:10 - Pipeline - INFO - Using significance map created: /Users/rishi/Documents/Analysis/Sources/AstroImageDetection-fitmodel/HAWC-ImageProcessing-3MLFit/hawc_analysis/Run1/DataMapDir/significance_map.fits
2026-08-20 20:22:10 - Pipeline - INFO - Using galactic coordinates from config: (l=13.5, b=0.0)
2026-08-20 20:22:10 - Pipeline - INFO - ROI size: 3.0° x 5.0°
2026-08-20 20:22:10 - Pipeline - INFO - Output directory for seeding: /Users/rishi/Documents/Analysis/Sources/AstroImageDetection-fitmodel/HAWC-ImageProcessing-3MLFit/hawc_analysis/Run1/Results/Step0-Allpoint-sources
2026-08-20 20:22:10 - Pipeline - INFO - Running seed model search in /Users/rishi/Documents/Analysis/Sources/AstroImageDetection-fitmodel/HAWC-ImageProcessing-3MLFit/hawc_analysis/Run1/Results/Step0-Allpoint-sources
2026-08-20 20:22:10 - Pipeline - INFO - Loading HAWC data from /Users/rishi/Documents/Analysis/Sources/AstroImageDetection-fitmodel/HAWC-ImageProcessing-3MLFit/hawc_analysis/Run1/DataMapDir/significance_map.fits
2026-08-20 20:22:36 - Pipeline - INFO - Found 4 sources, 4 within original ROI
2026-08-20 20:22:36 - Pipeline - INFO - Results saved to: /Users/rishi/Documents/Analysis/Sources/AstroImageDetection-fitmodel/HAWC-ImageProcessing-3MLFit/hawc_analysis/Run1/Results/Step0-Allpoint-sources/filtered_sources.yaml
2026-08-20 20:22:36 - Pipeline - INFO - Results saved to: /Users/rishi/Documents/Analysis/Sources/AstroImageDetection-fitmodel/HAWC-ImageProcessing-3MLFit/hawc_analysis/Run1/Results/Step0-Allpoint-sources/filtered_sources.yaml
