2026-08-20 15:46:34 - Pipeline - INFO - Pipeline logger initialized
2026-08-20 15:46:34 - Pipeline - INFO - Log level: INFO
2026-08-20 15:46:34 - Pipeline - INFO - Pipeline log: logs/pipeline_20260820_154634.log
2026-08-20 15:46:34 - Pipeline - INFO - Full log: logs/full_log_20260820_154634.log
2026-08-20 15:46:34 - Pipeline - INFO - Pipeline test
2026-08-20 15:46:37 - Pipeline - INFO - Initialized DirectoryManager at /Users/rishi/Documents/Analysis/Sources/AstroImageDetection-fitmodel/HAWC-ImageProcessing-3MLFit/hawc_analysis/Run1
2026-08-20 15:46:37 - Pipeline - INFO - Directory structure created at /Users/rishi/Documents/Analysis/Sources/AstroImageDetection-fitmodel/HAWC-ImageProcessing-3MLFit/hawc_analysis/Run1
2026-08-20 15:47:41 - Pipeline - INFO - Initialized DirectoryManager at /Users/rishi/Documents/Analysis/Sources/AstroImageDetection-fitmodel/HAWC-ImageProcessing-3MLFit/hawc_analysis/Run1
2026-08-20 15:47:41 - Pipeline - INFO - Directory structure created at /Users/rishi/Documents/Analysis/Sources/AstroImageDetection-fitmodel/HAWC-ImageProcessing-3MLFit/hawc_analysis/Run1
2026-08-20 15:51:29 - Pipeline - INFO - Significance map already exists at /Users/rishi/Documents/Analysis/Sources/AstroImageDetection-fitmodel/HAWC-ImageProcessing-3MLFit/hawc_analysis/Run1/DataMapDir/significance_map.fits, skipping generation
2026-08-20 15:51:29 - Pipeline - INFO - Significance map already exists at /Users/rishi/Documents/Analysis/Sources/AstroImageDetection-fitmodel/HAWC-ImageProcessing-3MLFit/hawc_analysis/Run1/DataMapDir/significance_map.fits, skipping generation
2026-08-20 16:10:04 - Pipeline - INFO - Using significance map from config: /Users/rishi/Documents/Analysis/Sources/AstroImageDetection-fitmodel/HAWC-ImageProcessing-3MLFit/hawc_analysis/Run1/DataMapDir/significance_map.fits
2026-08-20 16:10:40 - Pipeline - INFO - Using significance map from config: /Users/rishi/Documents/Analysis/Sources/AstroImageDetection-fitmodel/HAWC-ImageProcessing-3MLFit/hawc_analysis/Run1/DataMapDir/significance_map.fits
2026-08-20 16:11:06 - Pipeline - INFO - Using significance map from config: /Users/rishi/Documents/Analysis/Sources/AstroImageDetection-fitmodel/HAWC-ImageProcessing-3MLFit/hawc_analysis/Run1/DataMapDir/significance_map.fits
2026-08-20 16:11:34 - Pipeline - INFO - Using significance map from config: /Users/rishi/Documents/Analysis/Sources/AstroImageDetection-fitmodel/HAWC-ImageProcessing-3MLFit/hawc_analysis/Run1/DataMapDir/significance_map.fits
2026-08-20 16:11:34 - Pipeline - INFO - Using galactic coordinates from config: (l=13.0, b=0.0)
2026-08-20 16:12:09 - Pipeline - INFO - Using significance map from config: /Users/rishi/Documents/Analysis/Sources/AstroImageDetection-fitmodel/HAWC-ImageProcessing-3MLFit/hawc_analysis/Run1/DataMapDir/significance_map.fits
2026-08-20 16:12:38 - Pipeline - INFO - Using significance map from config: /Users/rishi/Documents/Analysis/Sources/AstroImageDetection-fitmodel/HAWC-ImageProcessing-3MLFit/hawc_analysis/Run1/DataMapDir/significance_map.fits
2026-08-20 16:12:48 - Pipeline - INFO - Converted galactic coordinates (l=13, b=0) to equatorial (RA=273.47050143305205, Dec=-17.661928870744514)
2026-08-20 16:12:58 - Pipeline - INFO - Converted galactic coordinates (l=13, b=0) to equatorial (RA=273.47050143305205, Dec=-17.661928870744514)
2026-08-20 16:13:03 - Pipeline - INFO - Using significance map from config: None
2026-08-20 16:13:03 - Pipeline - INFO - Using galactic coordinates from config: (l=13.0, b=0.0)
2026-08-20 16:13:12 - Pipeline - INFO - Using significance map from config: None
2026-08-20 16:13:12 - Pipeline - INFO - Using galactic coordinates from config: (l=13.0, b=0.0)
2026-08-20 16:13:24 - Pipeline - INFO - Using significance map from config: None
2026-08-20 16:13:24 - Pipeline - INFO - Using galactic coordinates from config: (l=13.0, b=0.0)
2026-08-20 16:14:14 - Pipeline - INFO - Using significance map from config: None
2026-08-20 16:14:14 - Pipeline - INFO - Using galactic coordinates from config: (l=13.0, b=0.0)
2026-08-20 16:14:32 - Pipeline - INFO - Using significance map from config: None
2026-08-20 16:14:46 - Pipeline - INFO - Using significance map from config: None
2026-08-20 16:15:06 - Pipeline - INFO - Using significance map from config: None
2026-08-20 16:15:06 - Pipeline - ERROR - Celestial coordinates (RA, Dec) must be provided in the config when coord_sys is 'C'.
2026-08-20 16:15:20 - Pipeline - INFO - Using significance map from config: None
2026-08-20 16:15:20 - Pipeline - ERROR - Coordinates not provided.
2026-08-20 16:16:03 - Pipeline - INFO - Using significance map from config: None
2026-08-20 16:16:03 - Pipeline - ERROR - Coordinates not provided.
2026-08-20 16:17:14 - Pipeline - INFO - Using significance map from config: None
2026-08-20 16:17:25 - Pipeline - INFO - Using significance map from config: None
2026-08-20 16:17:25 - Pipeline - INFO - Using galactic coordinates from config: (l=13.0, b=0.0)
2026-08-20 16:17:50 - Pipeline - INFO - Using significance map from config: None
2026-08-20 16:17:50 - Pipeline - INFO - Using galactic coordinates from config: (l=13.0, b=0.0)
2026-08-20 16:17:50 - Pipeline - INFO - ROI size: 3.0° x 5.0°
2026-08-20 16:18:07 - Pipeline - INFO - Using significance map from config: None
2026-08-20 16:18:07 - Pipeline - INFO - Using galactic coordinates from config: (l=13.0, b=0.0)
2026-08-20 16:18:07 - Pipeline - INFO - ROI size: 3.0° x 5.0°
2026-08-20 16:18:18 - Pipeline - INFO - Using significance map from config: None
2026-08-20 16:18:18 - Pipeline - INFO - Using galactic coordinates from config: (l=13.0, b=0.0)
2026-08-20 16:18:18 - Pipeline - INFO - ROI size: 3.0° x 5.0°
2026-08-20 16:19:07 - Pipeline - INFO - Using significance map from config: None
2026-08-20 16:19:07 - Pipeline - INFO - Using galactic coordinates from config: (l=13.0, b=0.0)
2026-08-20 16:19:07 - Pipeline - INFO - ROI size: 3.0° x 5.0°
2026-08-20 16:19:37 - Pipeline - INFO - Using significance map from config: None
2026-08-20 16:19:37 - Pipeline - INFO - Using galactic coordinates from config: (l=13.0, b=0.0)
2026-08-20 16:19:37 - Pipeline - INFO - ROI size: 3.0° x 5.0°
2026-08-20 16:19:37 - Pipeline - INFO - Output directory for seeding: /Users/rishi/Documents/Analysis/Sources/AstroImageDetection-fitmodel/HAWC-ImageProcessing-3MLFit/hawc_analysis/Run1/Results/Step0-Allpoint-sources
2026-08-20 16:20:37 - Pipeline - INFO - Using significance map from config: None
2026-08-20 16:20:37 - Pipeline - INFO - Using galactic coordinates from config: (l=13.0, b=0.0)
2026-08-20 16:20:37 - Pipeline - INFO - ROI size: 3.0° x 5.0°
2026-08-20 16:20:37 - Pipeline - INFO - Output directory for seeding: /Users/rishi/Documents/Analysis/Sources/AstroImageDetection-fitmodel/HAWC-ImageProcessing-3MLFit/hawc_analysis/Run1/Results/Step0-Allpoint-sources
2026-08-20 16:20:45 - Pipeline - INFO - Using significance map from config: None
2026-08-20 16:20:45 - Pipeline - INFO - Using galactic coordinates from config: (l=13.0, b=0.0)
2026-08-20 16:20:45 - Pipeline - INFO - ROI size: 3.0° x 5.0°
2026-08-20 16:20:45 - Pipeline - INFO - Output directory for seeding: /Users/rishi/Documents/Analysis/Sources/AstroImageDetection-fitmodel/HAWC-ImageProcessing-3MLFit/hawc_analysis/Run1/Results/Step0-Allpoint-sources
2026-08-20 16:20:59 - Pipeline - INFO - Using significance map from config: None
2026-08-20 16:20:59 - Pipeline - INFO - Using galactic coordinates from config: (l=13.0, b=0.0)
2026-08-20 16:20:59 - Pipeline - INFO - ROI size: 3.0° x 5.0°
2026-08-20 16:20:59 - Pipeline - INFO - Output directory for seeding: /Users/rishi/Documents/Analysis/Sources/AstroImageDetection-fitmodel/HAWC-ImageProcessing-3MLFit/hawc_analysis/Run1/Results/Step0-Allpoint-sources
2026-08-20 16:21:30 - Pipeline - INFO - Using significance map from config: None
2026-08-20 16:21:30 - Pipeline - INFO - Using galactic coordinates from config: (l=13.0, b=0.0)
2026-08-20 16:21:30 - Pipeline - INFO - ROI size: 3.0° x 5.0°
2026-08-20 16:21:30 - Pipeline - INFO - Output directory for seeding: /Users/rishi/Documents/Analysis/Sources/AstroImageDetection-fitmodel/HAWC-ImageProcessing-3MLFit/hawc_analysis/Run1/Results/Step0-Allpoint-sources
2026-08-20 16:21:30 - Pipeline - INFO - ['results', 'curModel.model']
2026-08-20 16:21:39 - Pipeline - INFO - Using significance map from config: None
2026-08-20 16:21:39 - Pipeline - INFO - Using galactic coordinates from config: (l=13.0, b=0.0)
2026-08-20 16:21:39 - Pipeline - INFO - ROI size: 3.0° x 5.0°
2026-08-20 16:21:39 - Pipeline - INFO - Output directory for seeding: /Users/rishi/Documents/Analysis/Sources/AstroImageDetection-fitmodel/HAWC-ImageProcessing-3MLFit/hawc_analysis/Run1/Results/Step0-Allpoint-sources
2026-08-20 16:21:39 - Pipeline - INFO - ['results', 'curModel.model']
2026-08-20 16:21:39 - Pipeline - INFO - Found existing model file in /Users/rishi/Documents/Analysis/Sources/AstroImageDetection-fitmodel/HAWC-ImageProcessing-3MLFit/hawc_analysis/Run1/Results/Step0-Allpoint-sources, skipping seeding.
2026-08-20 16:22:00 - Pipeline - INFO - Using significance map from config: None
2026-08-20 16:22:00 - Pipeline - INFO - Using galactic coordinates from config: (l=13.0, b=0.0)
2026-08-20 16:22:00 - Pipeline - INFO - ROI size: 3.0° x 5.0°
2026-08-20 16:22:00 - Pipeline - INFO - Output directory for seeding: /Users/rishi/Documents/Analysis/Sources/AstroImageDetection-fitmodel/HAWC-ImageProcessing-3MLFit/hawc_analysis/Run1/Results/Step0-Allpoint-sources
2026-08-20 16:22:42 - Pipeline - INFO - Using significance map from config: None
2026-08-20 16:22:42 - Pipeline - INFO - Using galactic coordinates from config: (l=13.0, b=0.0)
2026-08-20 16:22:42 - Pipeline - INFO - ROI size: 3.0° x 5.0°
2026-08-20 16:22:42 - Pipeline - INFO - Output directory for seeding: /Users/rishi/Documents/Analysis/Sources/AstroImageDetection-fitmodel/HAWC-ImageProcessing-3MLFit/hawc_analysis/Run1/Results/Step0-Allpoint-sources
2026-08-20 16:22:42 - Pipeline - INFO - Running seed model search in /Users/rishi/Documents/Analysis/Sources/AstroImageDetection-fitmodel/HAWC-ImageProcessing-3MLFit/hawc_analysis/Run1/Results/Step0-Allpoint-sources
2026-08-20 16:34:51 - Pipeline - INFO - Using significance map from config: None
2026-08-20 16:34:51 - Pipeline - INFO - Using galactic coordinates from config: (l=13.0, b=0.0)
2026-08-20 16:34:51 - Pipeline - INFO - ROI size: 3.0° x 5.0°
2026-08-20 16:34:51 - Pipeline - INFO - Output directory for seeding: /Users/rishi/Documents/Analysis/Sources/AstroImageDetection-fitmodel/HAWC-ImageProcessing-3MLFit/hawc_analysis/Run1/Results/Step0-Allpoint-sources
2026-08-20 16:34:51 - Pipeline - INFO - Running seed model search in /Users/rishi/Documents/Analysis/Sources/AstroImageDetection-fitmodel/HAWC-ImageProcessing-3MLFit/hawc_analysis/Run1/Results/Step0-Allpoint-sources
2026-08-20 16:41:11 - Pipeline - INFO - Using significance map from config: None
2026-08-20 16:41:11 - Pipeline - INFO - Using galactic coordinates from config: (l=13.0, b=0.0)
2026-08-20 16:41:11 - Pipeline - INFO - ROI size: 3.0° x 5.0°
2026-08-20 16:41:11 - Pipeline - INFO - Output directory for seeding: /Users/rishi/Documents/Analysis/Sources/AstroImageDetection-fitmodel/HAWC-ImageProcessing-3MLFit/hawc_analysis/Run1/Results/Step0-Allpoint-sources
2026-08-20 16:41:11 - Pipeline - INFO - Running seed model search in /Users/rishi/Documents/Analysis/Sources/AstroImageDetection-fitmodel/HAWC-ImageProcessing-3MLFit/hawc_analysis/Run1/Results/Step0-Allpoint-sources
2026-08-20 16:41:52 - Pipeline - INFO - Loading HAWC data from None
2026-08-20 16:42:12 - Pipeline - INFO - Using significance map from config: None
2026-08-20 16:42:12 - Pipeline - INFO - Using galactic coordinates from config: (l=13.0, b=0.0)
2026-08-20 16:42:12 - Pipeline - INFO - ROI size: 3.0° x 5.0°
2026-08-20 16:42:12 - Pipeline - INFO - Output directory for seeding: /Users/rishi/Documents/Analysis/Sources/AstroImageDetection-fitmodel/HAWC-ImageProcessing-3MLFit/hawc_analysis/Run1/Results/Step0-Allpoint-sources
2026-08-20 16:42:12 - Pipeline - INFO - Running seed model search in /Users/rishi/Documents/Analysis/Sources/AstroImageDetection-fitmodel/HAWC-ImageProcessing-3MLFit/hawc_analysis/Run1/Results/Step0-Allpoint-sources
2026-08-20 16:42:12 - Pipeline - INFO - Loading HAWC data from None
2026-08-20 16:59:36 - Pipeline - INFO - Using significance map created: /Users/rishi/Documents/Analysis/Sources/AstroImageDetection-fitmodel/HAWC-ImageProcessing-3MLFit/hawc_analysis/Run1/DataMapDir/significance_map.fits
2026-08-20 16:59:36 - Pipeline - INFO - Using galactic coordinates from config: (l=13.0, b=0.0)
2026-08-20 16:59:36 - Pipeline - INFO - ROI size: 3.0° x 5.0°
2026-08-20 16:59:36 - Pipeline - INFO - Output directory for seeding: /Users/rishi/Documents/Analysis/Sources/AstroImageDetection-fitmodel/HAWC-ImageProcessing-3MLFit/hawc_analysis/Run1/Results/Step0-Allpoint-sources
2026-08-20 16:59:36 - Pipeline - INFO - Running seed model search in /Users/rishi/Documents/Analysis/Sources/AstroImageDetection-fitmodel/HAWC-ImageProcessing-3MLFit/hawc_analysis/Run1/Results/Step0-Allpoint-sources
2026-08-20 16:59:36 - Pipeline - INFO - Loading HAWC data from /Users/rishi/Documents/Analysis/Sources/AstroImageDetection-fitmodel/HAWC-ImageProcessing-3MLFit/hawc_analysis/Run1/DataMapDir/significance_map.fits
2026-08-20 17:10:10 - Pipeline - INFO - Found 3 sources, 3 within original ROI
2026-08-20 17:10:10 - Pipeline - INFO - Results saved to: /Users/rishi/Documents/Analysis/Sources/AstroImageDetection-fitmodel/HAWC-ImageProcessing-3MLFit/hawc_analysis/Run1/Results/Step0-Allpoint-sources/filtered_sources.yaml
2026-08-20 17:10:10 - Pipeline - INFO - Results saved to: /Users/rishi/Documents/Analysis/Sources/AstroImageDetection-fitmodel/HAWC-ImageProcessing-3MLFit/hawc_analysis/Run1/Results/Step0-Allpoint-sources/filtered_sources.yaml
2026-08-20 17:10:20 - Pipeline - INFO - Found 3 sources, 3 within original ROI
2026-08-20 17:10:20 - Pipeline - INFO - Results saved to: /Users/rishi/Documents/Analysis/Sources/AstroImageDetection-fitmodel/HAWC-ImageProcessing-3MLFit/hawc_analysis/Run1/Results/Step0-Allpoint-sources/filtered_sources.yaml
2026-08-20 17:10:20 - Pipeline - INFO - Results saved to: /Users/rishi/Documents/Analysis/Sources/AstroImageDetection-fitmodel/HAWC-ImageProcessing-3MLFit/hawc_analysis/Run1/Results/Step0-Allpoint-sources/filtered_sources.yaml
2026-08-20 17:10:28 - Pipeline - INFO - Found 3 sources, 3 within original ROI
2026-08-20 17:10:28 - Pipeline - INFO - Results saved to: /Users/rishi/Documents/Analysis/Sources/AstroImageDetection-fitmodel/HAWC-ImageProcessing-3MLFit/hawc_analysis/Run1/Results/Step0-Allpoint-sources/filtered_sources.yaml
2026-08-20 17:10:28 - Pipeline - INFO - Results saved to: /Users/rishi/Documents/Analysis/Sources/AstroImageDetection-fitmodel/HAWC-ImageProcessing-3MLFit/hawc_analysis/Run1/Results/Step0-Allpoint-sources/filtered_sources.yaml
2026-08-20 17:11:48 - Pipeline - INFO - Using significance map created: /Users/rishi/Documents/Analysis/Sources/AstroImageDetection-fitmodel/HAWC-ImageProcessing-3MLFit/hawc_analysis/Run1/DataMapDir/significance_map.fits
2026-08-20 17:11:48 - Pipeline - INFO - Using galactic coordinates from config: (l=13.0, b=0.0)
2026-08-20 17:11:48 - Pipeline - INFO - ROI size: 3.0° x 5.0°
2026-08-20 17:11:48 - Pipeline - INFO - Output directory for seeding: /Users/rishi/Documents/Analysis/Sources/AstroImageDetection-fitmodel/HAWC-ImageProcessing-3MLFit/hawc_analysis/Run1/Results/Step0-Allpoint-sources
2026-08-20 17:11:48 - Pipeline - INFO - Running seed model search in /Users/rishi/Documents/Analysis/Sources/AstroImageDetection-fitmodel/HAWC-ImageProcessing-3MLFit/hawc_analysis/Run1/Results/Step0-Allpoint-sources
2026-08-20 17:12:06 - Pipeline - INFO - Using significance map created: /Users/rishi/Documents/Analysis/Sources/AstroImageDetection-fitmodel/HAWC-ImageProcessing-3MLFit/hawc_analysis/Run1/DataMapDir/significance_map.fits
2026-08-20 17:12:06 - Pipeline - INFO - Using galactic coordinates from config: (l=13.0, b=0.0)
2026-08-20 17:12:06 - Pipeline - INFO - ROI size: 3.0° x 5.0°
2026-08-20 17:12:06 - Pipeline - INFO - Output directory for seeding: /Users/rishi/Documents/Analysis/Sources/AstroImageDetection-fitmodel/HAWC-ImageProcessing-3MLFit/hawc_analysis/Run1/Results/Step0-Allpoint-sources
2026-08-20 17:12:06 - Pipeline - INFO - Running seed model search in /Users/rishi/Documents/Analysis/Sources/AstroImageDetection-fitmodel/HAWC-ImageProcessing-3MLFit/hawc_analysis/Run1/Results/Step0-Allpoint-sources
2026-08-20 17:12:08 - Pipeline - INFO - Using significance map created: /Users/rishi/Documents/Analysis/Sources/AstroImageDetection-fitmodel/HAWC-ImageProcessing-3MLFit/hawc_analysis/Run1/DataMapDir/significance_map.fits
2026-08-20 17:12:08 - Pipeline - INFO - Using galactic coordinates from config: (l=13.0, b=0.0)
2026-08-20 17:12:08 - Pipeline - INFO - ROI size: 3.0° x 5.0°
2026-08-20 17:12:08 - Pipeline - INFO - Output directory for seeding: /Users/rishi/Documents/Analysis/Sources/AstroImageDetection-fitmodel/HAWC-ImageProcessing-3MLFit/hawc_analysis/Run1/Results/Step0-Allpoint-sources
2026-08-20 17:12:08 - Pipeline - INFO - Running seed model search in /Users/rishi/Documents/Analysis/Sources/AstroImageDetection-fitmodel/HAWC-ImageProcessing-3MLFit/hawc_analysis/Run1/Results/Step0-Allpoint-sources
2026-08-20 17:12:08 - Pipeline - INFO - Loading HAWC data from /Users/rishi/Documents/Analysis/Sources/AstroImageDetection-fitmodel/HAWC-ImageProcessing-3MLFit/hawc_analysis/Run1/DataMapDir/significance_map.fits
2026-08-20 17:12:34 - Pipeline - INFO - Found 3 sources, 3 within original ROI
2026-08-20 17:12:34 - Pipeline - INFO - Results saved to: /Users/rishi/Documents/Analysis/Sources/AstroImageDetection-fitmodel/HAWC-ImageProcessing-3MLFit/hawc_analysis/Run1/Results/Step0-Allpoint-sources/filtered_sources.yaml
2026-08-20 17:12:34 - Pipeline - INFO - Results saved to: /Users/rishi/Documents/Analysis/Sources/AstroImageDetection-fitmodel/HAWC-ImageProcessing-3MLFit/hawc_analysis/Run1/Results/Step0-Allpoint-sources/filtered_sources.yaml
2026-08-20 17:13:17 - Pipeline - INFO - Using significance map created: /Users/rishi/Documents/Analysis/Sources/AstroImageDetection-fitmodel/HAWC-ImageProcessing-3MLFit/hawc_analysis/Run1/DataMapDir/significance_map.fits
2026-08-20 17:13:17 - Pipeline - INFO - Using galactic coordinates from config: (l=13.0, b=0.0)
2026-08-20 17:13:17 - Pipeline - INFO - ROI size: 3.0° x 5.0°
2026-08-20 17:13:17 - Pipeline - INFO - Output directory for seeding: /Users/rishi/Documents/Analysis/Sources/AstroImageDetection-fitmodel/HAWC-ImageProcessing-3MLFit/hawc_analysis/Run1/Results/Step0-Allpoint-sources
2026-08-20 17:13:46 - Pipeline - INFO - Using significance map created: /Users/rishi/Documents/Analysis/Sources/AstroImageDetection-fitmodel/HAWC-ImageProcessing-3MLFit/hawc_analysis/Run1/DataMapDir/significance_map.fits
2026-08-20 17:13:46 - Pipeline - INFO - Using galactic coordinates from config: (l=13.0, b=0.0)
2026-08-20 17:13:46 - Pipeline - INFO - ROI size: 3.0° x 5.0°
2026-08-20 17:13:46 - Pipeline - INFO - Output directory for seeding: /Users/rishi/Documents/Analysis/Sources/AstroImageDetection-fitmodel/HAWC-ImageProcessing-3MLFit/hawc_analysis/Run1/Results/Step0-Allpoint-sources
2026-08-20 17:13:46 - Pipeline - INFO - Running seed model search in /Users/rishi/Documents/Analysis/Sources/AstroImageDetection-fitmodel/HAWC-ImageProcessing-3MLFit/hawc_analysis/Run1/Results/Step0-Allpoint-sources
2026-08-20 17:13:46 - Pipeline - INFO - Loading HAWC data from /Users/rishi/Documents/Analysis/Sources/AstroImageDetection-fitmodel/HAWC-ImageProcessing-3MLFit/hawc_analysis/Run1/DataMapDir/significance_map.fits
2026-08-20 17:14:12 - Pipeline - INFO - Found 3 sources, 3 within original ROI
2026-08-20 17:14:12 - Pipeline - INFO - Results saved to: /Users/rishi/Documents/Analysis/Sources/AstroImageDetection-fitmodel/HAWC-ImageProcessing-3MLFit/hawc_analysis/Run1/Results/Step0-Allpoint-sources/filtered_sources.yaml
2026-08-20 17:14:12 - Pipeline - INFO - Results saved to: /Users/rishi/Documents/Analysis/Sources/AstroImageDetection-fitmodel/HAWC-ImageProcessing-3MLFit/hawc_analysis/Run1/Results/Step0-Allpoint-sources/filtered_sources.yaml
2026-08-20 17:14:22 - Pipeline - INFO - Using significance map created: /Users/rishi/Documents/Analysis/Sources/AstroImageDetection-fitmodel/HAWC-ImageProcessing-3MLFit/hawc_analysis/Run1/DataMapDir/significance_map.fits
2026-08-20 17:14:22 - Pipeline - INFO - Using galactic coordinates from config: (l=13.0, b=0.0)
2026-08-20 17:14:22 - Pipeline - INFO - ROI size: 3.0° x 5.0°
2026-08-20 17:14:22 - Pipeline - INFO - Output directory for seeding: /Users/rishi/Documents/Analysis/Sources/AstroImageDetection-fitmodel/HAWC-ImageProcessing-3MLFit/hawc_analysis/Run1/Results/Step0-Allpoint-sources
2026-08-20 17:14:22 - Pipeline - INFO - Found existing model file in /Users/rishi/Documents/Analysis/Sources/AstroImageDetection-fitmodel/HAWC-ImageProcessing-3MLFit/hawc_analysis/Run1/Results/Step0-Allpoint-sources, skipping seeding.
2026-08-20 17:14:22 - Pipeline - INFO - Loading HAWC data from /Users/rishi/Documents/Analysis/Sources/AstroImageDetection-fitmodel/HAWC-ImageProcessing-3MLFit/hawc_analysis/Run1/DataMapDir/significance_map.fits
2026-08-20 17:16:16 - Pipeline - INFO - Using significance map created: /Users/rishi/Documents/Analysis/Sources/AstroImageDetection-fitmodel/HAWC-ImageProcessing-3MLFit/hawc_analysis/Run1/DataMapDir/significance_map.fits
2026-08-20 17:16:16 - Pipeline - INFO - Using galactic coordinates from config: (l=13.0, b=0.0)
2026-08-20 17:16:16 - Pipeline - INFO - ROI size: 3.0° x 5.0°
2026-08-20 17:16:16 - Pipeline - INFO - Output directory for seeding: /Users/rishi/Documents/Analysis/Sources/AstroImageDetection-fitmodel/HAWC-ImageProcessing-3MLFit/hawc_analysis/Run1/Results/Step0-Allpoint-sources
2026-08-20 17:16:16 - Pipeline - INFO - Running seed model search in /Users/rishi/Documents/Analysis/Sources/AstroImageDetection-fitmodel/HAWC-ImageProcessing-3MLFit/hawc_analysis/Run1/Results/Step0-Allpoint-sources
2026-08-20 17:16:17 - Pipeline - INFO - Found existing model file in /Users/rishi/Documents/Analysis/Sources/AstroImageDetection-fitmodel/HAWC-ImageProcessing-3MLFit/hawc_analysis/Run1/Results/Step0-Allpoint-sources, skipping seeding.
2026-08-20 17:29:57 - Pipeline - INFO - Using significance map created: /Users/rishi/Documents/Analysis/Sources/AstroImageDetection-fitmodel/HAWC-ImageProcessing-3MLFit/hawc_analysis/Run1/DataMapDir/significance_map.fits
2026-08-20 17:29:57 - Pipeline - INFO - Using galactic coordinates from config: (l=13.0, b=0.0)
2026-08-20 17:29:57 - Pipeline - INFO - ROI size: 3.0° x 5.0°
2026-08-20 17:29:57 - Pipeline - INFO - Output directory for seeding: /Users/rishi/Documents/Analysis/Sources/AstroImageDetection-fitmodel/HAWC-ImageProcessing-3MLFit/hawc_analysis/Run1/Results/Step0-Allpoint-sources
2026-08-20 17:29:57 - Pipeline - INFO - Running seed model search in /Users/rishi/Documents/Analysis/Sources/AstroImageDetection-fitmodel/HAWC-ImageProcessing-3MLFit/hawc_analysis/Run1/Results/Step0-Allpoint-sources
2026-08-20 17:29:57 - Pipeline - INFO - Found existing model file in /Users/rishi/Documents/Analysis/Sources/AstroImageDetection-fitmodel/HAWC-ImageProcessing-3MLFit/hawc_analysis/Run1/Results/Step0-Allpoint-sources, skipping seeding.
2026-08-20 17:30:09 - Pipeline - INFO - Using significance map created: /Users/rishi/Documents/Analysis/Sources/AstroImageDetection-fitmodel/HAWC-ImageProcessing-3MLFit/hawc_analysis/Run1/DataMapDir/significance_map.fits
2026-08-20 17:30:09 - Pipeline - INFO - Using galactic coordinates from config: (l=13.0, b=0.0)
2026-08-20 17:30:09 - Pipeline - INFO - ROI size: 3.0° x 5.0°
2026-08-20 17:30:09 - Pipeline - INFO - Output directory for seeding: /Users/rishi/Documents/Analysis/Sources/AstroImageDetection-fitmodel/HAWC-ImageProcessing-3MLFit/hawc_analysis/Run1/Results/Step0-Allpoint-sources
2026-08-20 17:30:09 - Pipeline - INFO - Running seed model search in /Users/rishi/Documents/Analysis/Sources/AstroImageDetection-fitmodel/HAWC-ImageProcessing-3MLFit/hawc_analysis/Run1/Results/Step0-Allpoint-sources
2026-08-20 17:30:09 - Pipeline - INFO - Found existing model file in /Users/rishi/Documents/Analysis/Sources/AstroImageDetection-fitmodel/HAWC-ImageProcessing-3MLFit/hawc_analysis/Run1/Results/Step0-Allpoint-sources, skipping seeding.
2026-08-20 17:31:10 - Pipeline - INFO - Starting source_fitter (DRIPS-seeded in-process fit)
2026-08-20 17:54:08 - Pipeline - INFO - Starting source_fitter (DRIPS-seeded in-process fit)
2026-08-20 17:54:14 - Pipeline - INFO - Starting source_fitter (DRIPS-seeded in-process fit)
2026-08-20 17:54:27 - Pipeline - INFO - Starting source_fitter (DRIPS-seeded in-process fit)
2026-08-20 17:54:27 - Pipeline - INFO - Starting source_fitter (DRIPS-seeded in-process fit)
2026-08-20 17:54:55 - Pipeline - INFO - Starting source_fitter (DRIPS-seeded in-process fit)
2026-08-20 17:55:25 - Pipeline - INFO - Starting source_fitter (DRIPS-seeded in-process fit)
2026-08-20 17:55:25 - Pipeline - INFO - Running joint fit on DRIPS seed model (curModel.model) in /Users/rishi/Documents/Analysis/Sources/AstroImageDetection-fitmodel/HAWC-ImageProcessing-3MLFit/hawc_analysis/Run1/Results/Step1-JointFit
2026-08-20 17:55:25 - Pipeline - INFO - Map tree: /Users/rishi/Documents/Analysis/data/maptree-fhit2pct-pass5f-mlp-chunk1-1510.root
2026-08-20 17:55:25 - Pipeline - INFO - Detector response: /Users/rishi/Documents/Analysis/data/detRes-fhit2pct-pass5f-mlp-refit.root
2026-08-20 17:55:25 - Pipeline - INFO - Model file: /Users/rishi/Documents/Analysis/Sources/AstroImageDetection-fitmodel/HAWC-ImageProcessing-3MLFit/hawc_analysis/Run1/Results/Step0-Allpoint-sources/curModel.model
2026-08-20 17:55:25 - Pipeline - INFO - No ROI template provided, computing ROI from provided ra and dec
2026-08-20 17:55:25 - Pipeline - WARNING - Fit attempt 1/3 failed: unsupported format string passed to NoneType.__format__
2026-08-20 17:55:25 - Pipeline - INFO - Map tree: /Users/rishi/Documents/Analysis/data/maptree-fhit2pct-pass5f-mlp-chunk1-1510.root
2026-08-20 17:55:25 - Pipeline - INFO - Detector response: /Users/rishi/Documents/Analysis/data/detRes-fhit2pct-pass5f-mlp-refit.root
2026-08-20 17:55:25 - Pipeline - INFO - Model file: /Users/rishi/Documents/Analysis/Sources/AstroImageDetection-fitmodel/HAWC-ImageProcessing-3MLFit/hawc_analysis/Run1/Results/Step0-Allpoint-sources/curModel.model
2026-08-20 17:55:25 - Pipeline - INFO - No ROI template provided, computing ROI from provided ra and dec
2026-08-20 17:55:25 - Pipeline - WARNING - Fit attempt 2/3 failed: unsupported format string passed to NoneType.__format__
2026-08-20 17:55:25 - Pipeline - INFO - Map tree: /Users/rishi/Documents/Analysis/data/maptree-fhit2pct-pass5f-mlp-chunk1-1510.root
2026-08-20 17:55:25 - Pipeline - INFO - Detector response: /Users/rishi/Documents/Analysis/data/detRes-fhit2pct-pass5f-mlp-refit.root
2026-08-20 17:55:25 - Pipeline - INFO - Model file: /Users/rishi/Documents/Analysis/Sources/AstroImageDetection-fitmodel/HAWC-ImageProcessing-3MLFit/hawc_analysis/Run1/Results/Step0-Allpoint-sources/curModel.model
2026-08-20 17:55:25 - Pipeline - INFO - No ROI template provided, computing ROI from provided ra and dec
2026-08-20 17:55:25 - Pipeline - WARNING - Fit attempt 3/3 failed: unsupported format string passed to NoneType.__format__
2026-08-20 17:55:42 - Pipeline - INFO - Starting source_fitter (DRIPS-seeded in-process fit)
2026-08-20 17:55:42 - Pipeline - INFO - Running joint fit on DRIPS seed model (curModel.model) in /Users/rishi/Documents/Analysis/Sources/AstroImageDetection-fitmodel/HAWC-ImageProcessing-3MLFit/hawc_analysis/Run1/Results/Step1-JointFit
2026-08-20 17:55:42 - Pipeline - INFO - Map tree: /Users/rishi/Documents/Analysis/data/maptree-fhit2pct-pass5f-mlp-chunk1-1510.root
2026-08-20 17:55:42 - Pipeline - INFO - Detector response: /Users/rishi/Documents/Analysis/data/detRes-fhit2pct-pass5f-mlp-refit.root
2026-08-20 17:55:42 - Pipeline - INFO - Model file: /Users/rishi/Documents/Analysis/Sources/AstroImageDetection-fitmodel/HAWC-ImageProcessing-3MLFit/hawc_analysis/Run1/Results/Step0-Allpoint-sources/curModel.model
2026-08-20 17:55:42 - Pipeline - INFO - No ROI template provided, computing ROI from provided ra and dec
2026-08-20 17:55:42 - Pipeline - WARNING - Fit attempt 1/3 failed: unsupported format string passed to NoneType.__format__
2026-08-20 17:55:42 - Pipeline - INFO - Map tree: /Users/rishi/Documents/Analysis/data/maptree-fhit2pct-pass5f-mlp-chunk1-1510.root
2026-08-20 17:55:42 - Pipeline - INFO - Detector response: /Users/rishi/Documents/Analysis/data/detRes-fhit2pct-pass5f-mlp-refit.root
2026-08-20 17:55:42 - Pipeline - INFO - Model file: /Users/rishi/Documents/Analysis/Sources/AstroImageDetection-fitmodel/HAWC-ImageProcessing-3MLFit/hawc_analysis/Run1/Results/Step0-Allpoint-sources/curModel.model
2026-08-20 17:55:42 - Pipeline - INFO - No ROI template provided, computing ROI from provided ra and dec
2026-08-20 17:55:42 - Pipeline - WARNING - Fit attempt 2/3 failed: unsupported format string passed to NoneType.__format__
2026-08-20 17:55:42 - Pipeline - INFO - Map tree: /Users/rishi/Documents/Analysis/data/maptree-fhit2pct-pass5f-mlp-chunk1-1510.root
2026-08-20 17:55:42 - Pipeline - INFO - Detector response: /Users/rishi/Documents/Analysis/data/detRes-fhit2pct-pass5f-mlp-refit.root
2026-08-20 17:55:42 - Pipeline - INFO - Model file: /Users/rishi/Documents/Analysis/Sources/AstroImageDetection-fitmodel/HAWC-ImageProcessing-3MLFit/hawc_analysis/Run1/Results/Step0-Allpoint-sources/curModel.model
2026-08-20 17:55:42 - Pipeline - INFO - No ROI template provided, computing ROI from provided ra and dec
2026-08-20 17:55:42 - Pipeline - WARNING - Fit attempt 3/3 failed: unsupported format string passed to NoneType.__format__
2026-08-20 17:56:02 - Pipeline - INFO - Starting source_fitter (DRIPS-seeded in-process fit)
2026-08-20 17:56:02 - Pipeline - INFO - Running joint fit on DRIPS seed model (curModel.model) in /Users/rishi/Documents/Analysis/Sources/AstroImageDetection-fitmodel/HAWC-ImageProcessing-3MLFit/hawc_analysis/Run1/Results/Step1-JointFit
2026-08-20 17:56:02 - Pipeline - INFO - Map tree: /Users/rishi/Documents/Analysis/data/maptree-fhit2pct-pass5f-mlp-chunk1-1510.root
2026-08-20 17:56:02 - Pipeline - INFO - Detector response: /Users/rishi/Documents/Analysis/data/detRes-fhit2pct-pass5f-mlp-refit.root
2026-08-20 17:56:02 - Pipeline - INFO - Model file: /Users/rishi/Documents/Analysis/Sources/AstroImageDetection-fitmodel/HAWC-ImageProcessing-3MLFit/hawc_analysis/Run1/Results/Step0-Allpoint-sources/curModel.model
2026-08-20 17:56:02 - Pipeline - INFO - No ROI template provided, computing ROI from provided ra and dec
2026-08-20 17:56:02 - Pipeline - WARNING - Fit attempt 1/3 failed: unsupported format string passed to NoneType.__format__
2026-08-20 17:56:02 - Pipeline - INFO - Map tree: /Users/rishi/Documents/Analysis/data/maptree-fhit2pct-pass5f-mlp-chunk1-1510.root
2026-08-20 17:56:02 - Pipeline - INFO - Detector response: /Users/rishi/Documents/Analysis/data/detRes-fhit2pct-pass5f-mlp-refit.root
2026-08-20 17:56:02 - Pipeline - INFO - Model file: /Users/rishi/Documents/Analysis/Sources/AstroImageDetection-fitmodel/HAWC-ImageProcessing-3MLFit/hawc_analysis/Run1/Results/Step0-Allpoint-sources/curModel.model
2026-08-20 17:56:02 - Pipeline - INFO - No ROI template provided, computing ROI from provided ra and dec
2026-08-20 17:56:02 - Pipeline - WARNING - Fit attempt 2/3 failed: unsupported format string passed to NoneType.__format__
2026-08-20 17:56:02 - Pipeline - INFO - Map tree: /Users/rishi/Documents/Analysis/data/maptree-fhit2pct-pass5f-mlp-chunk1-1510.root
2026-08-20 17:56:02 - Pipeline - INFO - Detector response: /Users/rishi/Documents/Analysis/data/detRes-fhit2pct-pass5f-mlp-refit.root
2026-08-20 17:56:02 - Pipeline - INFO - Model file: /Users/rishi/Documents/Analysis/Sources/AstroImageDetection-fitmodel/HAWC-ImageProcessing-3MLFit/hawc_analysis/Run1/Results/Step0-Allpoint-sources/curModel.model
2026-08-20 17:56:02 - Pipeline - INFO - No ROI template provided, computing ROI from provided ra and dec
2026-08-20 17:56:02 - Pipeline - WARNING - Fit attempt 3/3 failed: unsupported format string passed to NoneType.__format__
2026-08-20 17:56:39 - Pipeline - INFO - Starting source_fitter (DRIPS-seeded in-process fit)
2026-08-20 17:56:39 - Pipeline - INFO - Running joint fit on DRIPS seed model (curModel.model) in /Users/rishi/Documents/Analysis/Sources/AstroImageDetection-fitmodel/HAWC-ImageProcessing-3MLFit/hawc_analysis/Run1/Results/Step1-JointFit
2026-08-20 17:56:39 - Pipeline - INFO - Map tree: /Users/rishi/Documents/Analysis/data/maptree-fhit2pct-pass5f-mlp-chunk1-1510.root
2026-08-20 17:56:39 - Pipeline - INFO - Detector response: /Users/rishi/Documents/Analysis/data/detRes-fhit2pct-pass5f-mlp-refit.root
2026-08-20 17:56:39 - Pipeline - INFO - Model file: /Users/rishi/Documents/Analysis/Sources/AstroImageDetection-fitmodel/HAWC-ImageProcessing-3MLFit/hawc_analysis/Run1/Results/Step0-Allpoint-sources/curModel.model
2026-08-20 17:56:39 - Pipeline - INFO - No ROI template provided, computing ROI from provided ra and dec
2026-08-20 17:56:39 - Pipeline - WARNING - Fit attempt 1/3 failed: unsupported format string passed to NoneType.__format__
2026-08-20 17:56:39 - Pipeline - INFO - Map tree: /Users/rishi/Documents/Analysis/data/maptree-fhit2pct-pass5f-mlp-chunk1-1510.root
2026-08-20 17:56:39 - Pipeline - INFO - Detector response: /Users/rishi/Documents/Analysis/data/detRes-fhit2pct-pass5f-mlp-refit.root
2026-08-20 17:56:39 - Pipeline - INFO - Model file: /Users/rishi/Documents/Analysis/Sources/AstroImageDetection-fitmodel/HAWC-ImageProcessing-3MLFit/hawc_analysis/Run1/Results/Step0-Allpoint-sources/curModel.model
2026-08-20 17:56:39 - Pipeline - INFO - No ROI template provided, computing ROI from provided ra and dec
2026-08-20 17:56:39 - Pipeline - WARNING - Fit attempt 2/3 failed: unsupported format string passed to NoneType.__format__
2026-08-20 17:56:39 - Pipeline - INFO - Map tree: /Users/rishi/Documents/Analysis/data/maptree-fhit2pct-pass5f-mlp-chunk1-1510.root
2026-08-20 17:56:39 - Pipeline - INFO - Detector response: /Users/rishi/Documents/Analysis/data/detRes-fhit2pct-pass5f-mlp-refit.root
2026-08-20 17:56:39 - Pipeline - INFO - Model file: /Users/rishi/Documents/Analysis/Sources/AstroImageDetection-fitmodel/HAWC-ImageProcessing-3MLFit/hawc_analysis/Run1/Results/Step0-Allpoint-sources/curModel.model
2026-08-20 17:56:39 - Pipeline - INFO - No ROI template provided, computing ROI from provided ra and dec
2026-08-20 17:56:39 - Pipeline - WARNING - Fit attempt 3/3 failed: unsupported format string passed to NoneType.__format__
2026-08-20 17:57:45 - Pipeline - INFO - Starting source_fitter (DRIPS-seeded in-process fit)
2026-08-20 17:57:45 - Pipeline - INFO - Running joint fit on DRIPS seed model (curModel.model) in /Users/rishi/Documents/Analysis/Sources/AstroImageDetection-fitmodel/HAWC-ImageProcessing-3MLFit/hawc_analysis/Run1/Results/Step1-JointFit
2026-08-20 17:57:45 - Pipeline - INFO - Map tree: /Users/rishi/Documents/Analysis/data/maptree-fhit2pct-pass5f-mlp-chunk1-1510.root
2026-08-20 17:57:45 - Pipeline - INFO - Detector response: /Users/rishi/Documents/Analysis/data/detRes-fhit2pct-pass5f-mlp-refit.root
2026-08-20 17:57:45 - Pipeline - INFO - Model file: /Users/rishi/Documents/Analysis/Sources/AstroImageDetection-fitmodel/HAWC-ImageProcessing-3MLFit/hawc_analysis/Run1/Results/Step0-Allpoint-sources/curModel.model
2026-08-20 17:57:45 - Pipeline - INFO - No ROI template provided, computing ROI from provided ra and dec
2026-08-20 17:57:45 - Pipeline - WARNING - Fit attempt 1/3 failed: unsupported format string passed to NoneType.__format__
2026-08-20 17:57:45 - Pipeline - INFO - Map tree: /Users/rishi/Documents/Analysis/data/maptree-fhit2pct-pass5f-mlp-chunk1-1510.root
2026-08-20 17:57:45 - Pipeline - INFO - Detector response: /Users/rishi/Documents/Analysis/data/detRes-fhit2pct-pass5f-mlp-refit.root
2026-08-20 17:57:45 - Pipeline - INFO - Model file: /Users/rishi/Documents/Analysis/Sources/AstroImageDetection-fitmodel/HAWC-ImageProcessing-3MLFit/hawc_analysis/Run1/Results/Step0-Allpoint-sources/curModel.model
2026-08-20 17:57:45 - Pipeline - INFO - No ROI template provided, computing ROI from provided ra and dec
2026-08-20 17:57:45 - Pipeline - WARNING - Fit attempt 2/3 failed: unsupported format string passed to NoneType.__format__
2026-08-20 17:57:45 - Pipeline - INFO - Map tree: /Users/rishi/Documents/Analysis/data/maptree-fhit2pct-pass5f-mlp-chunk1-1510.root
2026-08-20 17:57:45 - Pipeline - INFO - Detector response: /Users/rishi/Documents/Analysis/data/detRes-fhit2pct-pass5f-mlp-refit.root
2026-08-20 17:57:45 - Pipeline - INFO - Model file: /Users/rishi/Documents/Analysis/Sources/AstroImageDetection-fitmodel/HAWC-ImageProcessing-3MLFit/hawc_analysis/Run1/Results/Step0-Allpoint-sources/curModel.model
2026-08-20 17:57:45 - Pipeline - INFO - No ROI template provided, computing ROI from provided ra and dec
2026-08-20 17:57:45 - Pipeline - WARNING - Fit attempt 3/3 failed: unsupported format string passed to NoneType.__format__
2026-08-20 17:57:52 - Pipeline - INFO - Starting source_fitter (DRIPS-seeded in-process fit)
2026-08-20 17:58:20 - Pipeline - INFO - Running joint fit on DRIPS seed model (curModel.model) in /Users/rishi/Documents/Analysis/Sources/AstroImageDetection-fitmodel/HAWC-ImageProcessing-3MLFit/hawc_analysis/Run1/Results/Step1-JointFit
2026-08-20 17:58:20 - Pipeline - INFO - Map tree: /Users/rishi/Documents/Analysis/data/maptree-fhit2pct-pass5f-mlp-chunk1-1510.root
2026-08-20 17:58:20 - Pipeline - INFO - Detector response: /Users/rishi/Documents/Analysis/data/detRes-fhit2pct-pass5f-mlp-refit.root
2026-08-20 17:58:20 - Pipeline - INFO - Model file: /Users/rishi/Documents/Analysis/Sources/AstroImageDetection-fitmodel/HAWC-ImageProcessing-3MLFit/hawc_analysis/Run1/Results/Step0-Allpoint-sources/curModel.model
2026-08-20 17:58:20 - Pipeline - INFO - No ROI template provided, computing ROI from provided ra and dec
2026-08-20 17:58:20 - Pipeline - WARNING - Fit attempt 1/3 failed: unsupported format string passed to NoneType.__format__
2026-08-20 17:58:20 - Pipeline - INFO - Map tree: /Users/rishi/Documents/Analysis/data/maptree-fhit2pct-pass5f-mlp-chunk1-1510.root
2026-08-20 17:58:20 - Pipeline - INFO - Detector response: /Users/rishi/Documents/Analysis/data/detRes-fhit2pct-pass5f-mlp-refit.root
2026-08-20 17:58:20 - Pipeline - INFO - Model file: /Users/rishi/Documents/Analysis/Sources/AstroImageDetection-fitmodel/HAWC-ImageProcessing-3MLFit/hawc_analysis/Run1/Results/Step0-Allpoint-sources/curModel.model
2026-08-20 17:58:20 - Pipeline - INFO - No ROI template provided, computing ROI from provided ra and dec
2026-08-20 17:58:20 - Pipeline - WARNING - Fit attempt 2/3 failed: unsupported format string passed to NoneType.__format__
2026-08-20 17:58:20 - Pipeline - INFO - Map tree: /Users/rishi/Documents/Analysis/data/maptree-fhit2pct-pass5f-mlp-chunk1-1510.root
2026-08-20 17:58:20 - Pipeline - INFO - Detector response: /Users/rishi/Documents/Analysis/data/detRes-fhit2pct-pass5f-mlp-refit.root
2026-08-20 17:58:20 - Pipeline - INFO - Model file: /Users/rishi/Documents/Analysis/Sources/AstroImageDetection-fitmodel/HAWC-ImageProcessing-3MLFit/hawc_analysis/Run1/Results/Step0-Allpoint-sources/curModel.model
2026-08-20 17:58:20 - Pipeline - INFO - No ROI template provided, computing ROI from provided ra and dec
2026-08-20 17:58:20 - Pipeline - WARNING - Fit attempt 3/3 failed: unsupported format string passed to NoneType.__format__
2026-08-20 17:59:18 - Pipeline - INFO - Starting source_fitter (DRIPS-seeded in-process fit)
2026-08-20 17:59:20 - Pipeline - INFO - Starting source_fitter (DRIPS-seeded in-process fit)
2026-08-20 17:59:20 - Pipeline - INFO - Running joint fit on DRIPS seed model (curModel.model) in /Users/rishi/Documents/Analysis/Sources/AstroImageDetection-fitmodel/HAWC-ImageProcessing-3MLFit/hawc_analysis/Run1/Results/Step1-JointFit
2026-08-20 17:59:20 - Pipeline - INFO - Map tree: /Users/rishi/Documents/Analysis/data/maptree-fhit2pct-pass5f-mlp-chunk1-1510.root
2026-08-20 17:59:20 - Pipeline - INFO - Detector response: /Users/rishi/Documents/Analysis/data/detRes-fhit2pct-pass5f-mlp-refit.root
2026-08-20 17:59:20 - Pipeline - INFO - Model file: /Users/rishi/Documents/Analysis/Sources/AstroImageDetection-fitmodel/HAWC-ImageProcessing-3MLFit/hawc_analysis/Run1/Results/Step0-Allpoint-sources/curModel.model
2026-08-20 17:59:20 - Pipeline - INFO - No ROI template provided, computing ROI from provided ra and dec
2026-08-20 17:59:20 - Pipeline - WARNING - Fit attempt 1/3 failed: unsupported format string passed to NoneType.__format__
2026-08-20 17:59:20 - Pipeline - INFO - Map tree: /Users/rishi/Documents/Analysis/data/maptree-fhit2pct-pass5f-mlp-chunk1-1510.root
2026-08-20 17:59:20 - Pipeline - INFO - Detector response: /Users/rishi/Documents/Analysis/data/detRes-fhit2pct-pass5f-mlp-refit.root
2026-08-20 17:59:20 - Pipeline - INFO - Model file: /Users/rishi/Documents/Analysis/Sources/AstroImageDetection-fitmodel/HAWC-ImageProcessing-3MLFit/hawc_analysis/Run1/Results/Step0-Allpoint-sources/curModel.model
2026-08-20 17:59:20 - Pipeline - INFO - No ROI template provided, computing ROI from provided ra and dec
2026-08-20 17:59:20 - Pipeline - WARNING - Fit attempt 2/3 failed: unsupported format string passed to NoneType.__format__
2026-08-20 17:59:20 - Pipeline - INFO - Map tree: /Users/rishi/Documents/Analysis/data/maptree-fhit2pct-pass5f-mlp-chunk1-1510.root
2026-08-20 17:59:20 - Pipeline - INFO - Detector response: /Users/rishi/Documents/Analysis/data/detRes-fhit2pct-pass5f-mlp-refit.root
2026-08-20 17:59:20 - Pipeline - INFO - Model file: /Users/rishi/Documents/Analysis/Sources/AstroImageDetection-fitmodel/HAWC-ImageProcessing-3MLFit/hawc_analysis/Run1/Results/Step0-Allpoint-sources/curModel.model
2026-08-20 17:59:20 - Pipeline - INFO - No ROI template provided, computing ROI from provided ra and dec
2026-08-20 17:59:20 - Pipeline - WARNING - Fit attempt 3/3 failed: unsupported format string passed to NoneType.__format__
2026-08-20 18:00:40 - Pipeline - INFO - Starting source_fitter (DRIPS-seeded in-process fit)
2026-08-20 18:00:40 - Pipeline - INFO - Running joint fit on DRIPS seed model (/Users/rishi/Documents/Analysis/Sources/AstroImageDetection-fitmodel/HAWC-ImageProcessing-3MLFit/hawc_analysis/Run1/Results/Step0-Allpoint-sources/curModel.model) in /Users/rishi/Documents/Analysis/Sources/AstroImageDetection-fitmodel/HAWC-ImageProcessing-3MLFit/hawc_analysis/Run1/Results/Step1-JointFit
2026-08-20 18:00:40 - Pipeline - INFO - Map tree: /Users/rishi/Documents/Analysis/data/maptree-fhit2pct-pass5f-mlp-chunk1-1510.root
2026-08-20 18:00:40 - Pipeline - INFO - Detector response: /Users/rishi/Documents/Analysis/data/detRes-fhit2pct-pass5f-mlp-refit.root
2026-08-20 18:00:40 - Pipeline - INFO - Model file: /Users/rishi/Documents/Analysis/Sources/AstroImageDetection-fitmodel/HAWC-ImageProcessing-3MLFit/hawc_analysis/Run1/Results/Step0-Allpoint-sources/curModel.model
2026-08-20 18:00:40 - Pipeline - INFO - No ROI template provided, computing ROI from provided ra and dec
2026-08-20 18:00:40 - Pipeline - WARNING - Fit attempt 1/3 failed: unsupported format string passed to NoneType.__format__
2026-08-20 18:00:40 - Pipeline - INFO - Map tree: /Users/rishi/Documents/Analysis/data/maptree-fhit2pct-pass5f-mlp-chunk1-1510.root
2026-08-20 18:00:40 - Pipeline - INFO - Detector response: /Users/rishi/Documents/Analysis/data/detRes-fhit2pct-pass5f-mlp-refit.root
2026-08-20 18:00:40 - Pipeline - INFO - Model file: /Users/rishi/Documents/Analysis/Sources/AstroImageDetection-fitmodel/HAWC-ImageProcessing-3MLFit/hawc_analysis/Run1/Results/Step0-Allpoint-sources/curModel.model
2026-08-20 18:00:40 - Pipeline - INFO - No ROI template provided, computing ROI from provided ra and dec
2026-08-20 18:00:40 - Pipeline - WARNING - Fit attempt 2/3 failed: unsupported format string passed to NoneType.__format__
2026-08-20 18:00:40 - Pipeline - INFO - Map tree: /Users/rishi/Documents/Analysis/data/maptree-fhit2pct-pass5f-mlp-chunk1-1510.root
2026-08-20 18:00:40 - Pipeline - INFO - Detector response: /Users/rishi/Documents/Analysis/data/detRes-fhit2pct-pass5f-mlp-refit.root
2026-08-20 18:00:40 - Pipeline - INFO - Model file: /Users/rishi/Documents/Analysis/Sources/AstroImageDetection-fitmodel/HAWC-ImageProcessing-3MLFit/hawc_analysis/Run1/Results/Step0-Allpoint-sources/curModel.model
2026-08-20 18:00:40 - Pipeline - INFO - No ROI template provided, computing ROI from provided ra and dec
2026-08-20 18:00:40 - Pipeline - WARNING - Fit attempt 3/3 failed: unsupported format string passed to NoneType.__format__
2026-08-20 18:01:58 - Pipeline - INFO - Starting source_fitter (DRIPS-seeded in-process fit)
2026-08-20 18:01:58 - Pipeline - INFO - Running joint fit on DRIPS seed model (/Users/rishi/Documents/Analysis/Sources/AstroImageDetection-fitmodel/HAWC-ImageProcessing-3MLFit/hawc_analysis/Run1/Results/Step0-Allpoint-sources/curModel.model) in /Users/rishi/Documents/Analysis/Sources/AstroImageDetection-fitmodel/HAWC-ImageProcessing-3MLFit/hawc_analysis/Run1/Results/Step1-JointFit
2026-08-20 18:01:58 - Pipeline - INFO - Map tree: /Users/rishi/Documents/Analysis/data/maptree-fhit2pct-pass5f-mlp-chunk1-1510.root
2026-08-20 18:01:58 - Pipeline - INFO - Detector response: /Users/rishi/Documents/Analysis/data/detRes-fhit2pct-pass5f-mlp-refit.root
2026-08-20 18:01:58 - Pipeline - INFO - Model file: /Users/rishi/Documents/Analysis/Sources/AstroImageDetection-fitmodel/HAWC-ImageProcessing-3MLFit/hawc_analysis/Run1/Results/Step0-Allpoint-sources/curModel.model
2026-08-20 18:01:58 - Pipeline - INFO - No ROI template provided, computing ROI from provided ra and dec
2026-08-20 18:01:58 - Pipeline - WARNING - Fit attempt 1/1 failed: unsupported format string passed to NoneType.__format__
2026-08-20 18:02:33 - Pipeline - INFO - Starting source_fitter (DRIPS-seeded in-process fit)
2026-08-20 18:02:33 - Pipeline - INFO - Running joint fit on DRIPS seed model (/Users/rishi/Documents/Analysis/Sources/AstroImageDetection-fitmodel/HAWC-ImageProcessing-3MLFit/hawc_analysis/Run1/Results/Step0-Allpoint-sources/curModel.model) in /Users/rishi/Documents/Analysis/Sources/AstroImageDetection-fitmodel/HAWC-ImageProcessing-3MLFit/hawc_analysis/Run1/Results/Step1-JointFit
2026-08-20 18:02:33 - Pipeline - INFO - Fitting model /Users/rishi/Documents/Analysis/Sources/AstroImageDetection-fitmodel/HAWC-ImageProcessing-3MLFit/hawc_analysis/Run1/Results/Step0-Allpoint-sources/curModel.model in /Users/rishi/Documents/Analysis/Sources/AstroImageDetection-fitmodel/HAWC-ImageProcessing-3MLFit/hawc_analysis/Run1/Results/Step1-JointFit (compute_err=False, make_maps=True)
2026-08-20 18:02:33 - Pipeline - INFO - Map tree: /Users/rishi/Documents/Analysis/data/maptree-fhit2pct-pass5f-mlp-chunk1-1510.root
2026-08-20 18:02:33 - Pipeline - INFO - Detector response: /Users/rishi/Documents/Analysis/data/detRes-fhit2pct-pass5f-mlp-refit.root
2026-08-20 18:02:33 - Pipeline - INFO - Model file: /Users/rishi/Documents/Analysis/Sources/AstroImageDetection-fitmodel/HAWC-ImageProcessing-3MLFit/hawc_analysis/Run1/Results/Step0-Allpoint-sources/curModel.model
2026-08-20 18:02:33 - Pipeline - INFO - No ROI template provided, computing ROI from provided ra and dec
2026-08-20 18:02:33 - Pipeline - WARNING - Fit attempt 1/1 failed: unsupported format string passed to NoneType.__format__
2026-08-20 18:02:50 - Pipeline - INFO - Starting source_fitter (DRIPS-seeded in-process fit)
2026-08-20 18:02:50 - Pipeline - INFO - Running joint fit on DRIPS seed model (/Users/rishi/Documents/Analysis/Sources/AstroImageDetection-fitmodel/HAWC-ImageProcessing-3MLFit/hawc_analysis/Run1/Results/Step0-Allpoint-sources/curModel.model) in /Users/rishi/Documents/Analysis/Sources/AstroImageDetection-fitmodel/HAWC-ImageProcessing-3MLFit/hawc_analysis/Run1/Results/Step1-JointFit
2026-08-20 18:02:50 - Pipeline - INFO - Fitting model /Users/rishi/Documents/Analysis/Sources/AstroImageDetection-fitmodel/HAWC-ImageProcessing-3MLFit/hawc_analysis/Run1/Results/Step0-Allpoint-sources/curModel.model in /Users/rishi/Documents/Analysis/Sources/AstroImageDetection-fitmodel/HAWC-ImageProcessing-3MLFit/hawc_analysis/Run1/Results/Step1-JointFit 
2026-08-20 18:02:51 - Pipeline - INFO - Map tree: /Users/rishi/Documents/Analysis/data/maptree-fhit2pct-pass5f-mlp-chunk1-1510.root
2026-08-20 18:02:51 - Pipeline - INFO - Detector response: /Users/rishi/Documents/Analysis/data/detRes-fhit2pct-pass5f-mlp-refit.root
2026-08-20 18:02:51 - Pipeline - INFO - Model file: /Users/rishi/Documents/Analysis/Sources/AstroImageDetection-fitmodel/HAWC-ImageProcessing-3MLFit/hawc_analysis/Run1/Results/Step0-Allpoint-sources/curModel.model
2026-08-20 18:02:51 - Pipeline - INFO - No ROI template provided, computing ROI from provided ra and dec
2026-08-20 18:02:51 - Pipeline - WARNING - Fit attempt 1/1 failed: unsupported format string passed to NoneType.__format__
2026-08-20 18:04:31 - Pipeline - INFO - Starting source_fitter (DRIPS-seeded in-process fit)
2026-08-20 18:04:31 - Pipeline - INFO - Running joint fit on DRIPS seed model (/Users/rishi/Documents/Analysis/Sources/AstroImageDetection-fitmodel/HAWC-ImageProcessing-3MLFit/hawc_analysis/Run1/Results/Step0-Allpoint-sources/curModel.model) in /Users/rishi/Documents/Analysis/Sources/AstroImageDetection-fitmodel/HAWC-ImageProcessing-3MLFit/hawc_analysis/Run1/Results/Step1-JointFit
2026-08-20 18:04:31 - Pipeline - INFO - Fitting model /Users/rishi/Documents/Analysis/Sources/AstroImageDetection-fitmodel/HAWC-ImageProcessing-3MLFit/hawc_analysis/Run1/Results/Step0-Allpoint-sources/curModel.model in /Users/rishi/Documents/Analysis/Sources/AstroImageDetection-fitmodel/HAWC-ImageProcessing-3MLFit/hawc_analysis/Run1/Results/Step1-JointFit 
2026-08-20 18:04:31 - Pipeline - INFO - Map tree: /Users/rishi/Documents/Analysis/data/maptree-fhit2pct-pass5f-mlp-chunk1-1510.root
2026-08-20 18:04:31 - Pipeline - INFO - Detector response: /Users/rishi/Documents/Analysis/data/detRes-fhit2pct-pass5f-mlp-refit.root
2026-08-20 18:04:31 - Pipeline - INFO - Model file: /Users/rishi/Documents/Analysis/Sources/AstroImageDetection-fitmodel/HAWC-ImageProcessing-3MLFit/hawc_analysis/Run1/Results/Step0-Allpoint-sources/curModel.model
2026-08-20 18:04:31 - Pipeline - INFO - No ROI template provided, computing ROI from provided ra and dec
2026-08-20 18:05:08 - Pipeline - INFO - Starting source_fitter (DRIPS-seeded in-process fit)
2026-08-20 18:05:08 - Pipeline - INFO - Running joint fit on DRIPS seed model (/Users/rishi/Documents/Analysis/Sources/AstroImageDetection-fitmodel/HAWC-ImageProcessing-3MLFit/hawc_analysis/Run1/Results/Step0-Allpoint-sources/curModel.model) in /Users/rishi/Documents/Analysis/Sources/AstroImageDetection-fitmodel/HAWC-ImageProcessing-3MLFit/hawc_analysis/Run1/Results/Step1-JointFit
2026-08-20 18:05:08 - Pipeline - INFO - Fitting model /Users/rishi/Documents/Analysis/Sources/AstroImageDetection-fitmodel/HAWC-ImageProcessing-3MLFit/hawc_analysis/Run1/Results/Step0-Allpoint-sources/curModel.model in /Users/rishi/Documents/Analysis/Sources/AstroImageDetection-fitmodel/HAWC-ImageProcessing-3MLFit/hawc_analysis/Run1/Results/Step1-JointFit 
2026-08-20 18:05:08 - Pipeline - INFO - Map tree: /Users/rishi/Documents/Analysis/data/maptree-fhit2pct-pass5f-mlp-chunk1-1510.root
2026-08-20 18:05:08 - Pipeline - INFO - Detector response: /Users/rishi/Documents/Analysis/data/detRes-fhit2pct-pass5f-mlp-refit.root
2026-08-20 18:05:08 - Pipeline - INFO - Model file: /Users/rishi/Documents/Analysis/Sources/AstroImageDetection-fitmodel/HAWC-ImageProcessing-3MLFit/hawc_analysis/Run1/Results/Step0-Allpoint-sources/curModel.model
2026-08-20 18:05:08 - Pipeline - INFO - No ROI template provided, computing ROI from provided ra and dec
2026-08-20 18:06:29 - Pipeline - INFO - Starting source_fitter (DRIPS-seeded in-process fit)
2026-08-20 18:06:29 - Pipeline - INFO - Running joint fit on DRIPS seed model (/Users/rishi/Documents/Analysis/Sources/AstroImageDetection-fitmodel/HAWC-ImageProcessing-3MLFit/hawc_analysis/Run1/Results/Step0-Allpoint-sources/curModel.model) in /Users/rishi/Documents/Analysis/Sources/AstroImageDetection-fitmodel/HAWC-ImageProcessing-3MLFit/hawc_analysis/Run1/Results/Step1-JointFit
2026-08-20 18:06:29 - Pipeline - INFO - Fitting model /Users/rishi/Documents/Analysis/Sources/AstroImageDetection-fitmodel/HAWC-ImageProcessing-3MLFit/hawc_analysis/Run1/Results/Step0-Allpoint-sources/curModel.model in /Users/rishi/Documents/Analysis/Sources/AstroImageDetection-fitmodel/HAWC-ImageProcessing-3MLFit/hawc_analysis/Run1/Results/Step1-JointFit 
2026-08-20 18:06:30 - Pipeline - INFO - Map tree: /Users/rishi/Documents/Analysis/data/maptree-fhit2pct-pass5f-mlp-chunk1-1510.root
2026-08-20 18:06:30 - Pipeline - INFO - Detector response: /Users/rishi/Documents/Analysis/data/detRes-fhit2pct-pass5f-mlp-refit.root
2026-08-20 18:06:30 - Pipeline - INFO - Model file: /Users/rishi/Documents/Analysis/Sources/AstroImageDetection-fitmodel/HAWC-ImageProcessing-3MLFit/hawc_analysis/Run1/Results/Step0-Allpoint-sources/curModel.model
2026-08-20 18:06:30 - Pipeline - INFO - No ROI template provided, computing ROI from provided ra and dec
2026-08-20 18:06:38 - Pipeline - INFO - Starting source_fitter (DRIPS-seeded in-process fit)
2026-08-20 18:06:38 - Pipeline - INFO - Running joint fit on DRIPS seed model (/Users/rishi/Documents/Analysis/Sources/AstroImageDetection-fitmodel/HAWC-ImageProcessing-3MLFit/hawc_analysis/Run1/Results/Step0-Allpoint-sources/curModel.model) in /Users/rishi/Documents/Analysis/Sources/AstroImageDetection-fitmodel/HAWC-ImageProcessing-3MLFit/hawc_analysis/Run1/Results/Step1-JointFit
2026-08-20 18:06:38 - Pipeline - INFO - Fitting model /Users/rishi/Documents/Analysis/Sources/AstroImageDetection-fitmodel/HAWC-ImageProcessing-3MLFit/hawc_analysis/Run1/Results/Step0-Allpoint-sources/curModel.model in /Users/rishi/Documents/Analysis/Sources/AstroImageDetection-fitmodel/HAWC-ImageProcessing-3MLFit/hawc_analysis/Run1/Results/Step1-JointFit 
2026-08-20 18:06:38 - Pipeline - INFO - Map tree: /Users/rishi/Documents/Analysis/data/maptree-fhit2pct-pass5f-mlp-chunk1-1510.root
2026-08-20 18:06:38 - Pipeline - INFO - Detector response: /Users/rishi/Documents/Analysis/data/detRes-fhit2pct-pass5f-mlp-refit.root
2026-08-20 18:06:38 - Pipeline - INFO - Model file: /Users/rishi/Documents/Analysis/Sources/AstroImageDetection-fitmodel/HAWC-ImageProcessing-3MLFit/hawc_analysis/Run1/Results/Step0-Allpoint-sources/curModel.model
2026-08-20 18:06:38 - Pipeline - INFO - No ROI template provided, computing ROI from provided ra and dec
2026-08-20 18:07:04 - Pipeline - INFO - Starting source_fitter (DRIPS-seeded in-process fit)
2026-08-20 18:07:04 - Pipeline - INFO - Running joint fit on DRIPS seed model (/Users/rishi/Documents/Analysis/Sources/AstroImageDetection-fitmodel/HAWC-ImageProcessing-3MLFit/hawc_analysis/Run1/Results/Step0-Allpoint-sources/curModel.model) in /Users/rishi/Documents/Analysis/Sources/AstroImageDetection-fitmodel/HAWC-ImageProcessing-3MLFit/hawc_analysis/Run1/Results/Step1-JointFit
2026-08-20 18:07:04 - Pipeline - INFO - Fitting model /Users/rishi/Documents/Analysis/Sources/AstroImageDetection-fitmodel/HAWC-ImageProcessing-3MLFit/hawc_analysis/Run1/Results/Step0-Allpoint-sources/curModel.model in /Users/rishi/Documents/Analysis/Sources/AstroImageDetection-fitmodel/HAWC-ImageProcessing-3MLFit/hawc_analysis/Run1/Results/Step1-JointFit 
2026-08-20 18:07:04 - Pipeline - INFO - Map tree: /Users/rishi/Documents/Analysis/data/maptree-fhit2pct-pass5f-mlp-chunk1-1510.root
2026-08-20 18:07:04 - Pipeline - INFO - Detector response: /Users/rishi/Documents/Analysis/data/detRes-fhit2pct-pass5f-mlp-refit.root
2026-08-20 18:07:04 - Pipeline - INFO - Model file: /Users/rishi/Documents/Analysis/Sources/AstroImageDetection-fitmodel/HAWC-ImageProcessing-3MLFit/hawc_analysis/Run1/Results/Step0-Allpoint-sources/curModel.model
2026-08-20 18:07:04 - Pipeline - INFO - No ROI template provided, computing ROI from provided ra and dec
2026-08-20 18:07:04 - Pipeline - INFO - ROI center: None, None
2026-08-20 18:09:14 - Pipeline - INFO - Starting source_fitter (DRIPS-seeded in-process fit)
2026-08-20 18:09:14 - Pipeline - INFO - Running joint fit on DRIPS seed model (/Users/rishi/Documents/Analysis/Sources/AstroImageDetection-fitmodel/HAWC-ImageProcessing-3MLFit/hawc_analysis/Run1/Results/Step0-Allpoint-sources/curModel.model) in /Users/rishi/Documents/Analysis/Sources/AstroImageDetection-fitmodel/HAWC-ImageProcessing-3MLFit/hawc_analysis/Run1/Results/Step1-JointFit
2026-08-20 18:09:14 - Pipeline - INFO - Fitting model /Users/rishi/Documents/Analysis/Sources/AstroImageDetection-fitmodel/HAWC-ImageProcessing-3MLFit/hawc_analysis/Run1/Results/Step0-Allpoint-sources/curModel.model in /Users/rishi/Documents/Analysis/Sources/AstroImageDetection-fitmodel/HAWC-ImageProcessing-3MLFit/hawc_analysis/Run1/Results/Step1-JointFit 
2026-08-20 18:09:14 - Pipeline - INFO - Map tree: /Users/rishi/Documents/Analysis/data/maptree-fhit2pct-pass5f-mlp-chunk1-1510.root
2026-08-20 18:09:14 - Pipeline - INFO - Detector response: /Users/rishi/Documents/Analysis/data/detRes-fhit2pct-pass5f-mlp-refit.root
2026-08-20 18:09:25 - Pipeline - INFO - Starting source_fitter (DRIPS-seeded in-process fit)
2026-08-20 18:09:25 - Pipeline - INFO - Running joint fit on DRIPS seed model (/Users/rishi/Documents/Analysis/Sources/AstroImageDetection-fitmodel/HAWC-ImageProcessing-3MLFit/hawc_analysis/Run1/Results/Step0-Allpoint-sources/curModel.model) in /Users/rishi/Documents/Analysis/Sources/AstroImageDetection-fitmodel/HAWC-ImageProcessing-3MLFit/hawc_analysis/Run1/Results/Step1-JointFit
2026-08-20 18:09:25 - Pipeline - INFO - Fitting model /Users/rishi/Documents/Analysis/Sources/AstroImageDetection-fitmodel/HAWC-ImageProcessing-3MLFit/hawc_analysis/Run1/Results/Step0-Allpoint-sources/curModel.model in /Users/rishi/Documents/Analysis/Sources/AstroImageDetection-fitmodel/HAWC-ImageProcessing-3MLFit/hawc_analysis/Run1/Results/Step1-JointFit 
2026-08-20 18:09:25 - Pipeline - INFO - Map tree: /Users/rishi/Documents/Analysis/data/maptree-fhit2pct-pass5f-mlp-chunk1-1510.root
2026-08-20 18:09:25 - Pipeline - INFO - Detector response: /Users/rishi/Documents/Analysis/data/detRes-fhit2pct-pass5f-mlp-refit.root
2026-08-20 18:09:25 - Pipeline - INFO - Converted galactic coordinates (l=13, b=0) to equatorial (RA=273.47050143305205, Dec=-17.661928870744514)
2026-08-20 18:09:25 - Pipeline - INFO - Model file: /Users/rishi/Documents/Analysis/Sources/AstroImageDetection-fitmodel/HAWC-ImageProcessing-3MLFit/hawc_analysis/Run1/Results/Step0-Allpoint-sources/curModel.model
2026-08-20 18:09:25 - Pipeline - INFO - No ROI template provided, computing ROI from provided ra and dec
2026-08-20 18:09:25 - Pipeline - INFO - ROI center: 273.47050143305205, -17.661928870744514
2026-08-20 18:09:25 - Pipeline - INFO - Running threeML fit pipeline with bins: ['B5C0', 'B6C0', 'B7C0', 'B8C0', 'B9C0', 'B10C0']
2026-08-20 18:11:17 - Pipeline - INFO - Starting source_fitter (DRIPS-seeded in-process fit)
2026-08-20 18:11:17 - Pipeline - INFO - Running joint fit on DRIPS seed model (/Users/rishi/Documents/Analysis/Sources/AstroImageDetection-fitmodel/HAWC-ImageProcessing-3MLFit/hawc_analysis/Run1/Results/Step0-Allpoint-sources/curModel.model) in /Users/rishi/Documents/Analysis/Sources/AstroImageDetection-fitmodel/HAWC-ImageProcessing-3MLFit/hawc_analysis/Run1/Results/Step1-JointFit
2026-08-20 18:11:17 - Pipeline - INFO - Fitting model /Users/rishi/Documents/Analysis/Sources/AstroImageDetection-fitmodel/HAWC-ImageProcessing-3MLFit/hawc_analysis/Run1/Results/Step0-Allpoint-sources/curModel.model in /Users/rishi/Documents/Analysis/Sources/AstroImageDetection-fitmodel/HAWC-ImageProcessing-3MLFit/hawc_analysis/Run1/Results/Step1-JointFit 
2026-08-20 18:11:17 - Pipeline - INFO - Map tree: /Users/rishi/Documents/Analysis/data/maptree-fhit2pct-pass5f-mlp-chunk1-1510.root
2026-08-20 18:11:17 - Pipeline - INFO - Detector response: /Users/rishi/Documents/Analysis/data/detRes-fhit2pct-pass5f-mlp-refit.root
2026-08-20 18:11:17 - Pipeline - INFO - Converted galactic coordinates (l=13, b=0) to equatorial (RA=273.47050143305205, Dec=-17.661928870744514)
2026-08-20 18:11:17 - Pipeline - INFO - Model file: /Users/rishi/Documents/Analysis/Sources/AstroImageDetection-fitmodel/HAWC-ImageProcessing-3MLFit/hawc_analysis/Run1/Results/Step0-Allpoint-sources/curModel.model
2026-08-20 18:11:17 - Pipeline - INFO - No ROI template provided, computing ROI from provided ra and dec
2026-08-20 18:11:17 - Pipeline - INFO - ROI center: 273.47050143305205, -17.661928870744514
2026-08-20 18:11:17 - Pipeline - INFO - Running threeML fit pipeline with bins: ['B5C0', 'B6C0', 'B7C0', 'B8C0', 'B9C0', 'B10C0']
2026-08-20 18:11:53 - Pipeline - INFO - Running MLE without error estimation
2026-08-20 18:12:32 - Pipeline - INFO - Saving HAL output maps
2026-08-20 18:12:32 - Pipeline - INFO - SAVE A BIG MAP
2026-08-20 18:12:53 - Pipeline - INFO - Writing model map...
2026-08-20 18:12:53 - Pipeline - INFO - Fit Step1-JointFit: -logL=118441.630, AIC=236911.259 (1.61 min)
2026-08-20 18:20:35 - Pipeline - INFO - Starting source_fitter (DRIPS-seeded in-process fit)
2026-08-20 18:20:35 - Pipeline - INFO - Running joint fit on DRIPS seed model (/Users/rishi/Documents/Analysis/Sources/AstroImageDetection-fitmodel/HAWC-ImageProcessing-3MLFit/hawc_analysis/Run1/Results/Step0-Allpoint-sources/curModel.model) in /Users/rishi/Documents/Analysis/Sources/AstroImageDetection-fitmodel/HAWC-ImageProcessing-3MLFit/hawc_analysis/Run1/Results/Step1-JointFit
2026-08-20 18:20:35 - Pipeline - INFO - Fitting model /Users/rishi/Documents/Analysis/Sources/AstroImageDetection-fitmodel/HAWC-ImageProcessing-3MLFit/hawc_analysis/Run1/Results/Step0-Allpoint-sources/curModel.model in /Users/rishi/Documents/Analysis/Sources/AstroImageDetection-fitmodel/HAWC-ImageProcessing-3MLFit/hawc_analysis/Run1/Results/Step1-JointFit 
2026-08-20 18:20:35 - Pipeline - INFO - Map tree: /Users/rishi/Documents/Analysis/data/maptree-fhit2pct-pass5f-mlp-chunk1-1510.root
2026-08-20 18:20:35 - Pipeline - INFO - Detector response: /Users/rishi/Documents/Analysis/data/detRes-fhit2pct-pass5f-mlp-refit.root
2026-08-20 18:20:35 - Pipeline - INFO - Converted galactic coordinates (l=13, b=0) to equatorial (RA=273.47050143305205, Dec=-17.661928870744514)
2026-08-20 18:20:35 - Pipeline - INFO - Model file: /Users/rishi/Documents/Analysis/Sources/AstroImageDetection-fitmodel/HAWC-ImageProcessing-3MLFit/hawc_analysis/Run1/Results/Step0-Allpoint-sources/curModel.model
2026-08-20 18:20:35 - Pipeline - INFO - No ROI template provided, computing ROI from provided ra and dec
2026-08-20 18:20:35 - Pipeline - INFO - ROI center: 273.47050143305205, -17.661928870744514
2026-08-20 18:20:35 - Pipeline - INFO - Running threeML fit pipeline with bins: ['B5C0', 'B6C0', 'B7C0', 'B8C0', 'B9C0', 'B10C0']
2026-08-20 18:20:49 - Pipeline - INFO - Running MLE with error estimation
2026-08-20 18:22:52 - Pipeline - INFO - Calculating TS for all sources in the model
2026-08-20 18:22:52 - Pipeline - INFO - Computing TS for source: Source0
2026-08-20 18:22:57 - Pipeline - INFO - Computing TS for source: Source1
2026-08-20 18:23:01 - Pipeline - WARNING - Fit attempt 1/1 failed: MIGRAD did not converge. Reason: Edm is above maximum (status: 3)
2026-08-20 18:24:27 - Pipeline - INFO - Starting source_fitter (DRIPS-seeded in-process fit)
2026-08-20 18:24:27 - Pipeline - INFO - Running joint fit on DRIPS seed model (/Users/rishi/Documents/Analysis/Sources/AstroImageDetection-fitmodel/HAWC-ImageProcessing-3MLFit/hawc_analysis/Run1/Results/Step0-Allpoint-sources/curModel.model) in /Users/rishi/Documents/Analysis/Sources/AstroImageDetection-fitmodel/HAWC-ImageProcessing-3MLFit/hawc_analysis/Run1/Results/Step1-JointFit
2026-08-20 18:24:27 - Pipeline - INFO - Fitting model /Users/rishi/Documents/Analysis/Sources/AstroImageDetection-fitmodel/HAWC-ImageProcessing-3MLFit/hawc_analysis/Run1/Results/Step0-Allpoint-sources/curModel.model in /Users/rishi/Documents/Analysis/Sources/AstroImageDetection-fitmodel/HAWC-ImageProcessing-3MLFit/hawc_analysis/Run1/Results/Step1-JointFit 
2026-08-20 18:24:27 - Pipeline - INFO - Map tree: /Users/rishi/Documents/Analysis/data/maptree-fhit2pct-pass5f-mlp-chunk1-1510.root
2026-08-20 18:24:27 - Pipeline - INFO - Detector response: /Users/rishi/Documents/Analysis/data/detRes-fhit2pct-pass5f-mlp-refit.root
2026-08-20 18:24:27 - Pipeline - INFO - Converted galactic coordinates (l=13, b=0) to equatorial (RA=273.47050143305205, Dec=-17.661928870744514)
2026-08-20 18:24:27 - Pipeline - INFO - Model file: /Users/rishi/Documents/Analysis/Sources/AstroImageDetection-fitmodel/HAWC-ImageProcessing-3MLFit/hawc_analysis/Run1/Results/Step0-Allpoint-sources/curModel.model
2026-08-20 18:24:27 - Pipeline - INFO - No ROI template provided, computing ROI from provided ra and dec
2026-08-20 18:24:27 - Pipeline - INFO - ROI center: 273.47050143305205, -17.661928870744514
2026-08-20 18:24:27 - Pipeline - INFO - Running threeML fit pipeline with bins: ['B5C0', 'B6C0', 'B7C0', 'B8C0', 'B9C0', 'B10C0']
2026-08-20 18:24:41 - Pipeline - INFO - Running MLE without error estimation
2026-08-20 18:25:20 - Pipeline - WARNING - Fit attempt 1/10 failed: 'MLEResults' object has no attribute 'save'
2026-08-20 18:25:20 - Pipeline - INFO - Map tree: /Users/rishi/Documents/Analysis/data/maptree-fhit2pct-pass5f-mlp-chunk1-1510.root
2026-08-20 18:25:20 - Pipeline - INFO - Detector response: /Users/rishi/Documents/Analysis/data/detRes-fhit2pct-pass5f-mlp-refit.root
2026-08-20 18:25:20 - Pipeline - INFO - Converted galactic coordinates (l=13, b=0) to equatorial (RA=273.47050143305205, Dec=-17.661928870744514)
2026-08-20 18:25:20 - Pipeline - INFO - Model file: /Users/rishi/Documents/Analysis/Sources/AstroImageDetection-fitmodel/HAWC-ImageProcessing-3MLFit/hawc_analysis/Run1/Results/Step0-Allpoint-sources/curModel.model
2026-08-20 18:25:20 - Pipeline - INFO - No ROI template provided, computing ROI from provided ra and dec
2026-08-20 18:25:20 - Pipeline - INFO - ROI center: 273.47050143305205, -17.661928870744514
2026-08-20 18:25:20 - Pipeline - INFO - Running threeML fit pipeline with bins: ['B5C0', 'B6C0', 'B7C0', 'B8C0', 'B9C0', 'B10C0']
2026-08-20 18:25:33 - Pipeline - INFO - Running MLE without error estimation
2026-08-20 18:26:11 - Pipeline - WARNING - Fit attempt 2/10 failed: 'MLEResults' object has no attribute 'save'
2026-08-20 18:26:11 - Pipeline - INFO - Map tree: /Users/rishi/Documents/Analysis/data/maptree-fhit2pct-pass5f-mlp-chunk1-1510.root
2026-08-20 18:26:11 - Pipeline - INFO - Detector response: /Users/rishi/Documents/Analysis/data/detRes-fhit2pct-pass5f-mlp-refit.root
2026-08-20 18:26:11 - Pipeline - INFO - Converted galactic coordinates (l=13, b=0) to equatorial (RA=273.47050143305205, Dec=-17.661928870744514)
2026-08-20 18:26:11 - Pipeline - INFO - Model file: /Users/rishi/Documents/Analysis/Sources/AstroImageDetection-fitmodel/HAWC-ImageProcessing-3MLFit/hawc_analysis/Run1/Results/Step0-Allpoint-sources/curModel.model
2026-08-20 18:26:11 - Pipeline - INFO - No ROI template provided, computing ROI from provided ra and dec
2026-08-20 18:26:11 - Pipeline - INFO - ROI center: 273.47050143305205, -17.661928870744514
2026-08-20 18:26:11 - Pipeline - INFO - Running threeML fit pipeline with bins: ['B5C0', 'B6C0', 'B7C0', 'B8C0', 'B9C0', 'B10C0']
2026-08-20 18:26:26 - Pipeline - INFO - Starting source_fitter (DRIPS-seeded in-process fit)
2026-08-20 18:26:26 - Pipeline - INFO - Running joint fit on DRIPS seed model (/Users/rishi/Documents/Analysis/Sources/AstroImageDetection-fitmodel/HAWC-ImageProcessing-3MLFit/hawc_analysis/Run1/Results/Step0-Allpoint-sources/curModel.model) in /Users/rishi/Documents/Analysis/Sources/AstroImageDetection-fitmodel/HAWC-ImageProcessing-3MLFit/hawc_analysis/Run1/Results/Step1-JointFit
2026-08-20 18:26:26 - Pipeline - INFO - Fitting model /Users/rishi/Documents/Analysis/Sources/AstroImageDetection-fitmodel/HAWC-ImageProcessing-3MLFit/hawc_analysis/Run1/Results/Step0-Allpoint-sources/curModel.model in /Users/rishi/Documents/Analysis/Sources/AstroImageDetection-fitmodel/HAWC-ImageProcessing-3MLFit/hawc_analysis/Run1/Results/Step1-JointFit 
2026-08-20 18:26:26 - Pipeline - INFO - Map tree: /Users/rishi/Documents/Analysis/data/maptree-fhit2pct-pass5f-mlp-chunk1-1510.root
2026-08-20 18:26:26 - Pipeline - INFO - Detector response: /Users/rishi/Documents/Analysis/data/detRes-fhit2pct-pass5f-mlp-refit.root
2026-08-20 18:26:27 - Pipeline - INFO - Converted galactic coordinates (l=13, b=0) to equatorial (RA=273.47050143305205, Dec=-17.661928870744514)
2026-08-20 18:26:27 - Pipeline - INFO - Model file: /Users/rishi/Documents/Analysis/Sources/AstroImageDetection-fitmodel/HAWC-ImageProcessing-3MLFit/hawc_analysis/Run1/Results/Step0-Allpoint-sources/curModel.model
2026-08-20 18:26:27 - Pipeline - INFO - No ROI template provided, computing ROI from provided ra and dec
2026-08-20 18:26:27 - Pipeline - INFO - ROI center: 273.47050143305205, -17.661928870744514
2026-08-20 18:26:27 - Pipeline - INFO - Running threeML fit pipeline with bins: ['B5C0', 'B6C0', 'B7C0', 'B8C0', 'B9C0', 'B10C0']
2026-08-20 18:26:40 - Pipeline - INFO - Running MLE without error estimation
2026-08-20 18:27:17 - Pipeline - WARNING - Fit attempt 1/1 failed: 'MLEResults' object has no attribute 'save'
2026-08-20 18:29:02 - Pipeline - INFO - Starting source_fitter (DRIPS-seeded in-process fit)
2026-08-20 18:29:02 - Pipeline - INFO - Running joint fit on DRIPS seed model (/Users/rishi/Documents/Analysis/Sources/AstroImageDetection-fitmodel/HAWC-ImageProcessing-3MLFit/hawc_analysis/Run1/Results/Step0-Allpoint-sources/curModel.model) in /Users/rishi/Documents/Analysis/Sources/AstroImageDetection-fitmodel/HAWC-ImageProcessing-3MLFit/hawc_analysis/Run1/Results/Step1-JointFit
2026-08-20 18:29:02 - Pipeline - INFO - Fitting model /Users/rishi/Documents/Analysis/Sources/AstroImageDetection-fitmodel/HAWC-ImageProcessing-3MLFit/hawc_analysis/Run1/Results/Step0-Allpoint-sources/curModel.model in /Users/rishi/Documents/Analysis/Sources/AstroImageDetection-fitmodel/HAWC-ImageProcessing-3MLFit/hawc_analysis/Run1/Results/Step1-JointFit 
2026-08-20 18:29:02 - Pipeline - INFO - Map tree: /Users/rishi/Documents/Analysis/data/maptree-fhit2pct-pass5f-mlp-chunk1-1510.root
2026-08-20 18:29:02 - Pipeline - INFO - Detector response: /Users/rishi/Documents/Analysis/data/detRes-fhit2pct-pass5f-mlp-refit.root
2026-08-20 18:29:02 - Pipeline - INFO - Converted galactic coordinates (l=13, b=0) to equatorial (RA=273.47050143305205, Dec=-17.661928870744514)
2026-08-20 18:29:02 - Pipeline - INFO - Model file: /Users/rishi/Documents/Analysis/Sources/AstroImageDetection-fitmodel/HAWC-ImageProcessing-3MLFit/hawc_analysis/Run1/Results/Step0-Allpoint-sources/curModel.model
2026-08-20 18:29:02 - Pipeline - INFO - No ROI template provided, computing ROI from provided ra and dec
2026-08-20 18:29:02 - Pipeline - INFO - ROI center: 273.47050143305205, -17.661928870744514
2026-08-20 18:29:02 - Pipeline - INFO - Running threeML fit pipeline with bins: ['B5C0', 'B6C0', 'B7C0', 'B8C0', 'B9C0', 'B10C0']
