2026-08-20 19:52:06 - Pipeline - INFO - Pipeline logger initialized
2026-08-20 19:52:06 - Pipeline - INFO - Log level: INFO
2026-08-20 19:52:06 - Pipeline - INFO - Pipeline log: logs/pipeline_20260820_195206.log
2026-08-20 19:52:06 - Pipeline - INFO - Full log: logs/full_log_20260820_195206.log
2026-08-20 19:52:06 - Pipeline - INFO - Pipeline test
2026-08-20 19:52:06 - Pipeline - INFO - Initialized DirectoryManager at /Users/rishi/Documents/Analysis/Sources/AstroImageDetection-fitmodel/HAWC-ImageProcessing-3MLFit/hawc_analysis/Run1
2026-08-20 19:52:06 - Pipeline - INFO - Directory structure created at /Users/rishi/Documents/Analysis/Sources/AstroImageDetection-fitmodel/HAWC-ImageProcessing-3MLFit/hawc_analysis/Run1
2026-08-20 19:52:06 - Pipeline - INFO - Converted galactic coordinates (l=13.5, b=0) to equatorial (RA=273.72100167883474, Dec=-17.222738748900706)
2026-08-20 19:52:24 - Pipeline - INFO - Significance map already exists at /Users/rishi/Documents/Analysis/Sources/AstroImageDetection-fitmodel/HAWC-ImageProcessing-3MLFit/hawc_analysis/Run1/DataMapDir/significance_map.fits, skipping generation
2026-08-20 19:52:40 - Pipeline - INFO - Using significance map created: /Users/rishi/Documents/Analysis/Sources/AstroImageDetection-fitmodel/HAWC-ImageProcessing-3MLFit/hawc_analysis/Run1/DataMapDir/significance_map.fits
2026-08-20 19:52:40 - Pipeline - INFO - Using galactic coordinates from config: (l=13.5, b=0.0)
2026-08-20 19:52:40 - Pipeline - INFO - ROI size: 2.0° x 5.0°
2026-08-20 19:52:40 - Pipeline - INFO - Output directory for seeding: /Users/rishi/Documents/Analysis/Sources/AstroImageDetection-fitmodel/HAWC-ImageProcessing-3MLFit/hawc_analysis/Run1/Results/Step0-Allpoint-sources
2026-08-20 19:52:40 - Pipeline - INFO - Running seed model search in /Users/rishi/Documents/Analysis/Sources/AstroImageDetection-fitmodel/HAWC-ImageProcessing-3MLFit/hawc_analysis/Run1/Results/Step0-Allpoint-sources
2026-08-20 19:52:40 - Pipeline - INFO - Loading HAWC data from /Users/rishi/Documents/Analysis/Sources/AstroImageDetection-fitmodel/HAWC-ImageProcessing-3MLFit/hawc_analysis/Run1/DataMapDir/significance_map.fits
2026-08-20 19:52:51 - Pipeline - INFO - Significance map already exists at /Users/rishi/Documents/Analysis/Sources/AstroImageDetection-fitmodel/HAWC-ImageProcessing-3MLFit/hawc_analysis/Run1/DataMapDir/significance_map.fits, skipping generation
2026-08-20 19:53:52 - Pipeline - INFO - Searching for FITS files in /Users/rishi/Documents/Analysis/data/fhitcountmaps/
2026-08-20 19:53:52 - Pipeline - INFO - Looking for bins: ['B5C0', 'B6C0', 'B7C0', 'B8C0', 'B9C0', 'B10C0']
2026-08-20 19:53:52 - Pipeline - INFO - Found 6/6 energy bins
2026-08-20 19:54:16 - Pipeline - INFO - Searching for FITS files in /Users/rishi/Documents/Analysis/data/fhitcountmaps/
2026-08-20 19:54:16 - Pipeline - INFO - Looking for bins: ['B5C0', 'B6C0', 'B7C0', 'B8C0', 'B9C0', 'B10C0']
2026-08-20 19:54:16 - Pipeline - INFO - Found 6/6 energy bins
2026-08-20 19:54:16 - Pipeline - INFO - Converted galactic coordinates (l=13.5, b=0) to equatorial (RA=273.72100167883474, Dec=-17.222738748900706)
2026-08-20 19:54:16 - Pipeline - INFO - Creating HEALPix map from 6 FITS files
2026-08-20 19:54:16 - Pipeline - INFO - Energy bins: ['B5C0', 'B6C0', 'B7C0', 'B8C0', 'B9C0', 'B10C0']
2026-08-20 19:54:16 - Pipeline - INFO - Executing HealpixSigFluxMap command:
2026-08-20 19:54:39 - Pipeline - INFO - HEALPix map created successfully: /Users/rishi/Documents/Analysis/Sources/AstroImageDetection-fitmodel/HAWC-ImageProcessing-3MLFit/hawc_analysis/Run1/DataMapDir/significance_map.fits
2026-08-20 19:54:39 - Pipeline - INFO - Using significance map created: /Users/rishi/Documents/Analysis/Sources/AstroImageDetection-fitmodel/HAWC-ImageProcessing-3MLFit/hawc_analysis/Run1/DataMapDir/significance_map.fits
2026-08-20 19:54:39 - Pipeline - INFO - Using galactic coordinates from config: (l=13.5, b=0.0)
2026-08-20 19:54:39 - Pipeline - INFO - ROI size: 2.0° x 5.0°
2026-08-20 19:54:39 - Pipeline - INFO - Output directory for seeding: /Users/rishi/Documents/Analysis/Sources/AstroImageDetection-fitmodel/HAWC-ImageProcessing-3MLFit/hawc_analysis/Run1/Results/Step0-Allpoint-sources
2026-08-20 19:54:39 - Pipeline - INFO - Running seed model search in /Users/rishi/Documents/Analysis/Sources/AstroImageDetection-fitmodel/HAWC-ImageProcessing-3MLFit/hawc_analysis/Run1/Results/Step0-Allpoint-sources
2026-08-20 19:54:39 - Pipeline - INFO - Loading HAWC data from /Users/rishi/Documents/Analysis/Sources/AstroImageDetection-fitmodel/HAWC-ImageProcessing-3MLFit/hawc_analysis/Run1/DataMapDir/significance_map.fits
2026-08-20 19:54:56 - Pipeline - INFO - Found 2 sources, 2 within original ROI
2026-08-20 19:54:56 - Pipeline - INFO - Results saved to: /Users/rishi/Documents/Analysis/Sources/AstroImageDetection-fitmodel/HAWC-ImageProcessing-3MLFit/hawc_analysis/Run1/Results/Step0-Allpoint-sources/filtered_sources.yaml
2026-08-20 19:54:56 - Pipeline - INFO - Results saved to: /Users/rishi/Documents/Analysis/Sources/AstroImageDetection-fitmodel/HAWC-ImageProcessing-3MLFit/hawc_analysis/Run1/Results/Step0-Allpoint-sources/filtered_sources.yaml
2026-08-20 19:56:10 - Pipeline - INFO - Significance map already exists at /Users/rishi/Documents/Analysis/Sources/AstroImageDetection-fitmodel/HAWC-ImageProcessing-3MLFit/hawc_analysis/Run1/DataMapDir/significance_map.fits, skipping generation
2026-08-20 19:56:10 - Pipeline - INFO - Searching for FITS files in /Users/rishi/Documents/Analysis/data/fhitcountmaps/
2026-08-20 19:56:10 - Pipeline - INFO - Looking for bins: ['B5C0', 'B6C0', 'B7C0', 'B8C0', 'B9C0', 'B10C0']
2026-08-20 19:56:10 - Pipeline - INFO - Found 6/6 energy bins
2026-08-20 19:56:10 - Pipeline - INFO - Converted galactic coordinates (l=13.5, b=0) to equatorial (RA=273.72100167883474, Dec=-17.222738748900706)
2026-08-20 19:56:10 - Pipeline - INFO - Creating HEALPix map from 6 FITS files
2026-08-20 19:56:10 - Pipeline - INFO - Energy bins: ['B5C0', 'B6C0', 'B7C0', 'B8C0', 'B9C0', 'B10C0']
2026-08-20 19:56:10 - Pipeline - INFO - Executing HealpixSigFluxMap command:
2026-08-20 19:56:35 - Pipeline - INFO - HEALPix map created successfully: /Users/rishi/Documents/Analysis/Sources/AstroImageDetection-fitmodel/HAWC-ImageProcessing-3MLFit/hawc_analysis/Run1/DataMapDir/significance_map.fits
2026-08-20 19:57:06 - Pipeline - INFO - Using significance map created: /Users/rishi/Documents/Analysis/Sources/AstroImageDetection-fitmodel/HAWC-ImageProcessing-3MLFit/hawc_analysis/Run1/DataMapDir/significance_map.fits
2026-08-20 19:57:06 - Pipeline - INFO - Using galactic coordinates from config: (l=13.5, b=0.0)
2026-08-20 19:57:06 - Pipeline - INFO - ROI size: 2.0° x 5.0°
2026-08-20 19:57:06 - Pipeline - INFO - Output directory for seeding: /Users/rishi/Documents/Analysis/Sources/AstroImageDetection-fitmodel/HAWC-ImageProcessing-3MLFit/hawc_analysis/Run1/Results/Step0-Allpoint-sources
2026-08-20 19:57:06 - Pipeline - INFO - Running seed model search in /Users/rishi/Documents/Analysis/Sources/AstroImageDetection-fitmodel/HAWC-ImageProcessing-3MLFit/hawc_analysis/Run1/Results/Step0-Allpoint-sources
2026-08-20 19:57:06 - Pipeline - INFO - Loading HAWC data from /Users/rishi/Documents/Analysis/Sources/AstroImageDetection-fitmodel/HAWC-ImageProcessing-3MLFit/hawc_analysis/Run1/DataMapDir/significance_map.fits
2026-08-20 19:57:23 - Pipeline - INFO - Found 3 sources, 3 within original ROI
2026-08-20 19:57:23 - Pipeline - INFO - Results saved to: /Users/rishi/Documents/Analysis/Sources/AstroImageDetection-fitmodel/HAWC-ImageProcessing-3MLFit/hawc_analysis/Run1/Results/Step0-Allpoint-sources/filtered_sources.yaml
2026-08-20 19:57:23 - Pipeline - INFO - Results saved to: /Users/rishi/Documents/Analysis/Sources/AstroImageDetection-fitmodel/HAWC-ImageProcessing-3MLFit/hawc_analysis/Run1/Results/Step0-Allpoint-sources/filtered_sources.yaml
2026-08-20 19:58:00 - Pipeline - INFO - Starting source_fitter (DRIPS-seeded in-process fit)
2026-08-20 19:58:00 - Pipeline - INFO - Running joint fit on DRIPS seed model (/Users/rishi/Documents/Analysis/Sources/AstroImageDetection-fitmodel/HAWC-ImageProcessing-3MLFit/hawc_analysis/Run1/Results/Step0-Allpoint-sources/curModel.model) in /Users/rishi/Documents/Analysis/Sources/AstroImageDetection-fitmodel/HAWC-ImageProcessing-3MLFit/hawc_analysis/Run1/Results/Step1-JointFit
2026-08-20 19:58:00 - Pipeline - INFO - Fitting model /Users/rishi/Documents/Analysis/Sources/AstroImageDetection-fitmodel/HAWC-ImageProcessing-3MLFit/hawc_analysis/Run1/Results/Step0-Allpoint-sources/curModel.model in /Users/rishi/Documents/Analysis/Sources/AstroImageDetection-fitmodel/HAWC-ImageProcessing-3MLFit/hawc_analysis/Run1/Results/Step1-JointFit  with compute_err=False, compute_TS=False, make_maps=True
2026-08-20 19:58:00 - Pipeline - INFO - Map tree: /Users/rishi/Documents/Analysis/data/maptree-fhit2pct-pass5f-mlp-chunk1-1510.root
2026-08-20 19:58:00 - Pipeline - INFO - Detector response: /Users/rishi/Documents/Analysis/data/detRes-fhit2pct-pass5f-mlp-refit.root
2026-08-20 19:58:00 - Pipeline - INFO - Converted galactic coordinates (l=13.5, b=0) to equatorial (RA=273.72100167883474, Dec=-17.222738748900706)
2026-08-20 19:58:00 - Pipeline - INFO - Model file: /Users/rishi/Documents/Analysis/Sources/AstroImageDetection-fitmodel/HAWC-ImageProcessing-3MLFit/hawc_analysis/Run1/Results/Step0-Allpoint-sources/curModel.model
2026-08-20 19:58:00 - Pipeline - WARNING - Fit attempt 1/1 failed: name 'astromodels' is not defined
2026-08-20 20:04:30 - Pipeline - INFO - Starting source_fitter (DRIPS-seeded in-process fit)
2026-08-20 20:04:30 - Pipeline - INFO - Running joint fit on DRIPS seed model (/Users/rishi/Documents/Analysis/Sources/AstroImageDetection-fitmodel/HAWC-ImageProcessing-3MLFit/hawc_analysis/Run1/Results/Step0-Allpoint-sources/curModel.model) in /Users/rishi/Documents/Analysis/Sources/AstroImageDetection-fitmodel/HAWC-ImageProcessing-3MLFit/hawc_analysis/Run1/Results/Step1-JointFit
2026-08-20 20:04:30 - Pipeline - INFO - Fitting model /Users/rishi/Documents/Analysis/Sources/AstroImageDetection-fitmodel/HAWC-ImageProcessing-3MLFit/hawc_analysis/Run1/Results/Step0-Allpoint-sources/curModel.model in /Users/rishi/Documents/Analysis/Sources/AstroImageDetection-fitmodel/HAWC-ImageProcessing-3MLFit/hawc_analysis/Run1/Results/Step1-JointFit  with compute_err=False, compute_TS=False, make_maps=True
2026-08-20 20:04:30 - Pipeline - INFO - Map tree: /Users/rishi/Documents/Analysis/data/maptree-fhit2pct-pass5f-mlp-chunk1-1510.root
2026-08-20 20:04:30 - Pipeline - INFO - Detector response: /Users/rishi/Documents/Analysis/data/detRes-fhit2pct-pass5f-mlp-refit.root
2026-08-20 20:04:30 - Pipeline - INFO - Converted galactic coordinates (l=13.5, b=0) to equatorial (RA=273.72100167883474, Dec=-17.222738748900706)
2026-08-20 20:04:30 - Pipeline - INFO - Model file: /Users/rishi/Documents/Analysis/Sources/AstroImageDetection-fitmodel/HAWC-ImageProcessing-3MLFit/hawc_analysis/Run1/Results/Step0-Allpoint-sources/curModel.model
2026-08-20 20:04:30 - Pipeline - WARNING - Fit attempt 1/1 failed: name 'astromodels' is not defined
2026-08-20 20:04:55 - Pipeline - INFO - Starting source_fitter (DRIPS-seeded in-process fit)
2026-08-20 20:04:55 - Pipeline - INFO - Running joint fit on DRIPS seed model (/Users/rishi/Documents/Analysis/Sources/AstroImageDetection-fitmodel/HAWC-ImageProcessing-3MLFit/hawc_analysis/Run1/Results/Step0-Allpoint-sources/curModel.model) in /Users/rishi/Documents/Analysis/Sources/AstroImageDetection-fitmodel/HAWC-ImageProcessing-3MLFit/hawc_analysis/Run1/Results/Step1-JointFit
2026-08-20 20:04:55 - Pipeline - INFO - Fitting model /Users/rishi/Documents/Analysis/Sources/AstroImageDetection-fitmodel/HAWC-ImageProcessing-3MLFit/hawc_analysis/Run1/Results/Step0-Allpoint-sources/curModel.model in /Users/rishi/Documents/Analysis/Sources/AstroImageDetection-fitmodel/HAWC-ImageProcessing-3MLFit/hawc_analysis/Run1/Results/Step1-JointFit  with compute_err=False, compute_TS=False, make_maps=True
2026-08-20 20:04:55 - Pipeline - INFO - Map tree: /Users/rishi/Documents/Analysis/data/maptree-fhit2pct-pass5f-mlp-chunk1-1510.root
2026-08-20 20:04:55 - Pipeline - INFO - Detector response: /Users/rishi/Documents/Analysis/data/detRes-fhit2pct-pass5f-mlp-refit.root
2026-08-20 20:04:55 - Pipeline - INFO - Converted galactic coordinates (l=13.5, b=0) to equatorial (RA=273.72100167883474, Dec=-17.222738748900706)
2026-08-20 20:04:55 - Pipeline - INFO - Model file: /Users/rishi/Documents/Analysis/Sources/AstroImageDetection-fitmodel/HAWC-ImageProcessing-3MLFit/hawc_analysis/Run1/Results/Step0-Allpoint-sources/curModel.model
2026-08-20 20:04:55 - Pipeline - WARNING - Fit attempt 1/1 failed: name 'Hermes' is not defined
2026-08-20 20:05:48 - Pipeline - INFO - Starting source_fitter (DRIPS-seeded in-process fit)
2026-08-20 20:05:48 - Pipeline - INFO - Running joint fit on DRIPS seed model (/Users/rishi/Documents/Analysis/Sources/AstroImageDetection-fitmodel/HAWC-ImageProcessing-3MLFit/hawc_analysis/Run1/Results/Step0-Allpoint-sources/curModel.model) in /Users/rishi/Documents/Analysis/Sources/AstroImageDetection-fitmodel/HAWC-ImageProcessing-3MLFit/hawc_analysis/Run1/Results/Step1-JointFit
2026-08-20 20:05:48 - Pipeline - INFO - Fitting model /Users/rishi/Documents/Analysis/Sources/AstroImageDetection-fitmodel/HAWC-ImageProcessing-3MLFit/hawc_analysis/Run1/Results/Step0-Allpoint-sources/curModel.model in /Users/rishi/Documents/Analysis/Sources/AstroImageDetection-fitmodel/HAWC-ImageProcessing-3MLFit/hawc_analysis/Run1/Results/Step1-JointFit  with compute_err=False, compute_TS=False, make_maps=True
2026-08-20 20:05:48 - Pipeline - INFO - Map tree: /Users/rishi/Documents/Analysis/data/maptree-fhit2pct-pass5f-mlp-chunk1-1510.root
2026-08-20 20:05:48 - Pipeline - INFO - Detector response: /Users/rishi/Documents/Analysis/data/detRes-fhit2pct-pass5f-mlp-refit.root
2026-08-20 20:05:48 - Pipeline - INFO - Converted galactic coordinates (l=13.5, b=0) to equatorial (RA=273.72100167883474, Dec=-17.222738748900706)
2026-08-20 20:05:48 - Pipeline - INFO - Model file: /Users/rishi/Documents/Analysis/Sources/AstroImageDetection-fitmodel/HAWC-ImageProcessing-3MLFit/hawc_analysis/Run1/Results/Step0-Allpoint-sources/curModel.model
2026-08-20 20:05:48 - Pipeline - WARNING - Fit attempt 1/1 failed: name 'Hermes' is not defined
2026-08-20 20:06:09 - Pipeline - INFO - Starting source_fitter (DRIPS-seeded in-process fit)
2026-08-20 20:06:09 - Pipeline - INFO - Running joint fit on DRIPS seed model (/Users/rishi/Documents/Analysis/Sources/AstroImageDetection-fitmodel/HAWC-ImageProcessing-3MLFit/hawc_analysis/Run1/Results/Step0-Allpoint-sources/curModel.model) in /Users/rishi/Documents/Analysis/Sources/AstroImageDetection-fitmodel/HAWC-ImageProcessing-3MLFit/hawc_analysis/Run1/Results/Step1-JointFit
2026-08-20 20:06:09 - Pipeline - INFO - Fitting model /Users/rishi/Documents/Analysis/Sources/AstroImageDetection-fitmodel/HAWC-ImageProcessing-3MLFit/hawc_analysis/Run1/Results/Step0-Allpoint-sources/curModel.model in /Users/rishi/Documents/Analysis/Sources/AstroImageDetection-fitmodel/HAWC-ImageProcessing-3MLFit/hawc_analysis/Run1/Results/Step1-JointFit  with compute_err=False, compute_TS=False, make_maps=True
2026-08-20 20:06:09 - Pipeline - INFO - Map tree: /Users/rishi/Documents/Analysis/data/maptree-fhit2pct-pass5f-mlp-chunk1-1510.root
2026-08-20 20:06:09 - Pipeline - INFO - Detector response: /Users/rishi/Documents/Analysis/data/detRes-fhit2pct-pass5f-mlp-refit.root
2026-08-20 20:06:09 - Pipeline - INFO - Converted galactic coordinates (l=13.5, b=0) to equatorial (RA=273.72100167883474, Dec=-17.222738748900706)
2026-08-20 20:06:09 - Pipeline - INFO - Model file: /Users/rishi/Documents/Analysis/Sources/AstroImageDetection-fitmodel/HAWC-ImageProcessing-3MLFit/hawc_analysis/Run1/Results/Step0-Allpoint-sources/curModel.model
2026-08-20 20:06:09 - Pipeline - WARNING - Fit attempt 1/1 failed: name 'Hermes' is not defined
2026-08-20 20:06:38 - Pipeline - INFO - Starting source_fitter (DRIPS-seeded in-process fit)
2026-08-20 20:06:38 - Pipeline - INFO - Running joint fit on DRIPS seed model (/Users/rishi/Documents/Analysis/Sources/AstroImageDetection-fitmodel/HAWC-ImageProcessing-3MLFit/hawc_analysis/Run1/Results/Step0-Allpoint-sources/curModel.model) in /Users/rishi/Documents/Analysis/Sources/AstroImageDetection-fitmodel/HAWC-ImageProcessing-3MLFit/hawc_analysis/Run1/Results/Step1-JointFit
2026-08-20 20:06:38 - Pipeline - INFO - Fitting model /Users/rishi/Documents/Analysis/Sources/AstroImageDetection-fitmodel/HAWC-ImageProcessing-3MLFit/hawc_analysis/Run1/Results/Step0-Allpoint-sources/curModel.model in /Users/rishi/Documents/Analysis/Sources/AstroImageDetection-fitmodel/HAWC-ImageProcessing-3MLFit/hawc_analysis/Run1/Results/Step1-JointFit  with compute_err=False, compute_TS=False, make_maps=True
2026-08-20 20:06:38 - Pipeline - INFO - Map tree: /Users/rishi/Documents/Analysis/data/maptree-fhit2pct-pass5f-mlp-chunk1-1510.root
2026-08-20 20:06:38 - Pipeline - INFO - Detector response: /Users/rishi/Documents/Analysis/data/detRes-fhit2pct-pass5f-mlp-refit.root
2026-08-20 20:06:38 - Pipeline - INFO - Converted galactic coordinates (l=13.5, b=0) to equatorial (RA=273.72100167883474, Dec=-17.222738748900706)
2026-08-20 20:06:38 - Pipeline - INFO - Model file: /Users/rishi/Documents/Analysis/Sources/AstroImageDetection-fitmodel/HAWC-ImageProcessing-3MLFit/hawc_analysis/Run1/Results/Step0-Allpoint-sources/curModel.model
2026-08-20 20:06:38 - Pipeline - WARNING - Fit attempt 1/1 failed: name 'Hermes' is not defined
2026-08-20 20:07:05 - Pipeline - INFO - Starting source_fitter (DRIPS-seeded in-process fit)
2026-08-20 20:07:05 - Pipeline - INFO - Running joint fit on DRIPS seed model (/Users/rishi/Documents/Analysis/Sources/AstroImageDetection-fitmodel/HAWC-ImageProcessing-3MLFit/hawc_analysis/Run1/Results/Step0-Allpoint-sources/curModel.model) in /Users/rishi/Documents/Analysis/Sources/AstroImageDetection-fitmodel/HAWC-ImageProcessing-3MLFit/hawc_analysis/Run1/Results/Step1-JointFit
2026-08-20 20:07:05 - Pipeline - INFO - Fitting model /Users/rishi/Documents/Analysis/Sources/AstroImageDetection-fitmodel/HAWC-ImageProcessing-3MLFit/hawc_analysis/Run1/Results/Step0-Allpoint-sources/curModel.model in /Users/rishi/Documents/Analysis/Sources/AstroImageDetection-fitmodel/HAWC-ImageProcessing-3MLFit/hawc_analysis/Run1/Results/Step1-JointFit  with compute_err=False, compute_TS=False, make_maps=True
2026-08-20 20:07:05 - Pipeline - INFO - Map tree: /Users/rishi/Documents/Analysis/data/maptree-fhit2pct-pass5f-mlp-chunk1-1510.root
2026-08-20 20:07:05 - Pipeline - INFO - Detector response: /Users/rishi/Documents/Analysis/data/detRes-fhit2pct-pass5f-mlp-refit.root
2026-08-20 20:07:05 - Pipeline - INFO - Converted galactic coordinates (l=13.5, b=0) to equatorial (RA=273.72100167883474, Dec=-17.222738748900706)
2026-08-20 20:07:05 - Pipeline - INFO - Model file: /Users/rishi/Documents/Analysis/Sources/AstroImageDetection-fitmodel/HAWC-ImageProcessing-3MLFit/hawc_analysis/Run1/Results/Step0-Allpoint-sources/curModel.model
2026-08-20 20:07:05 - Pipeline - WARNING - Fit attempt 1/1 failed: name 'astromodels' is not defined
2026-08-20 20:07:24 - Pipeline - INFO - Starting source_fitter (DRIPS-seeded in-process fit)
2026-08-20 20:07:24 - Pipeline - INFO - Running joint fit on DRIPS seed model (/Users/rishi/Documents/Analysis/Sources/AstroImageDetection-fitmodel/HAWC-ImageProcessing-3MLFit/hawc_analysis/Run1/Results/Step0-Allpoint-sources/curModel.model) in /Users/rishi/Documents/Analysis/Sources/AstroImageDetection-fitmodel/HAWC-ImageProcessing-3MLFit/hawc_analysis/Run1/Results/Step1-JointFit
2026-08-20 20:07:24 - Pipeline - INFO - Fitting model /Users/rishi/Documents/Analysis/Sources/AstroImageDetection-fitmodel/HAWC-ImageProcessing-3MLFit/hawc_analysis/Run1/Results/Step0-Allpoint-sources/curModel.model in /Users/rishi/Documents/Analysis/Sources/AstroImageDetection-fitmodel/HAWC-ImageProcessing-3MLFit/hawc_analysis/Run1/Results/Step1-JointFit  with compute_err=False, compute_TS=False, make_maps=True
2026-08-20 20:07:24 - Pipeline - INFO - Map tree: /Users/rishi/Documents/Analysis/data/maptree-fhit2pct-pass5f-mlp-chunk1-1510.root
2026-08-20 20:07:24 - Pipeline - INFO - Detector response: /Users/rishi/Documents/Analysis/data/detRes-fhit2pct-pass5f-mlp-refit.root
2026-08-20 20:07:24 - Pipeline - INFO - Converted galactic coordinates (l=13.5, b=0) to equatorial (RA=273.72100167883474, Dec=-17.222738748900706)
2026-08-20 20:07:24 - Pipeline - INFO - Model file: /Users/rishi/Documents/Analysis/Sources/AstroImageDetection-fitmodel/HAWC-ImageProcessing-3MLFit/hawc_analysis/Run1/Results/Step0-Allpoint-sources/curModel.model
2026-08-20 20:07:24 - Pipeline - WARNING - Fit attempt 1/1 failed: name 'URM' is not defined
2026-08-20 20:07:36 - Pipeline - INFO - Starting source_fitter (DRIPS-seeded in-process fit)
2026-08-20 20:07:36 - Pipeline - INFO - Running joint fit on DRIPS seed model (/Users/rishi/Documents/Analysis/Sources/AstroImageDetection-fitmodel/HAWC-ImageProcessing-3MLFit/hawc_analysis/Run1/Results/Step0-Allpoint-sources/curModel.model) in /Users/rishi/Documents/Analysis/Sources/AstroImageDetection-fitmodel/HAWC-ImageProcessing-3MLFit/hawc_analysis/Run1/Results/Step1-JointFit
2026-08-20 20:07:36 - Pipeline - INFO - Fitting model /Users/rishi/Documents/Analysis/Sources/AstroImageDetection-fitmodel/HAWC-ImageProcessing-3MLFit/hawc_analysis/Run1/Results/Step0-Allpoint-sources/curModel.model in /Users/rishi/Documents/Analysis/Sources/AstroImageDetection-fitmodel/HAWC-ImageProcessing-3MLFit/hawc_analysis/Run1/Results/Step1-JointFit  with compute_err=False, compute_TS=False, make_maps=True
2026-08-20 20:07:36 - Pipeline - INFO - Map tree: /Users/rishi/Documents/Analysis/data/maptree-fhit2pct-pass5f-mlp-chunk1-1510.root
2026-08-20 20:07:36 - Pipeline - INFO - Detector response: /Users/rishi/Documents/Analysis/data/detRes-fhit2pct-pass5f-mlp-refit.root
2026-08-20 20:07:36 - Pipeline - INFO - Converted galactic coordinates (l=13.5, b=0) to equatorial (RA=273.72100167883474, Dec=-17.222738748900706)
2026-08-20 20:07:36 - Pipeline - INFO - Model file: /Users/rishi/Documents/Analysis/Sources/AstroImageDetection-fitmodel/HAWC-ImageProcessing-3MLFit/hawc_analysis/Run1/Results/Step0-Allpoint-sources/curModel.model
2026-08-20 20:07:36 - Pipeline - INFO - No ROI template provided, computing ROI from provided ra and dec
2026-08-20 20:07:36 - Pipeline - INFO - ROI center: 273.72100167883474, -17.222738748900706
2026-08-20 20:07:36 - Pipeline - INFO - Running threeML fit pipeline with bins: ['B5C0', 'B6C0', 'B7C0', 'B8C0', 'B9C0', 'B10C0']
2026-08-20 20:07:52 - Pipeline - INFO - Running MLE without error estimation
2026-08-20 20:08:21 - Pipeline - WARNING - Fit attempt 1/1 failed: MIGRAD did not converge. Reason: Edm is above maximum (status: 3)
2026-08-20 20:12:46 - Pipeline - INFO - Starting source_fitter (DRIPS-seeded in-process fit)
2026-08-20 20:12:46 - Pipeline - INFO - Running joint fit on DRIPS seed model (/Users/rishi/Documents/Analysis/Sources/AstroImageDetection-fitmodel/HAWC-ImageProcessing-3MLFit/hawc_analysis/Run1/Results/Step0-Allpoint-sources/curModel.model) in /Users/rishi/Documents/Analysis/Sources/AstroImageDetection-fitmodel/HAWC-ImageProcessing-3MLFit/hawc_analysis/Run1/Results/Step1-JointFit
2026-08-20 20:12:46 - Pipeline - INFO - Fitting model /Users/rishi/Documents/Analysis/Sources/AstroImageDetection-fitmodel/HAWC-ImageProcessing-3MLFit/hawc_analysis/Run1/Results/Step0-Allpoint-sources/curModel.model in /Users/rishi/Documents/Analysis/Sources/AstroImageDetection-fitmodel/HAWC-ImageProcessing-3MLFit/hawc_analysis/Run1/Results/Step1-JointFit  with compute_err=False, compute_TS=False, make_maps=True
2026-08-20 20:12:46 - Pipeline - INFO - Map tree: /Users/rishi/Documents/Analysis/data/maptree-fhit2pct-pass5f-mlp-chunk1-1510.root
2026-08-20 20:12:46 - Pipeline - INFO - Detector response: /Users/rishi/Documents/Analysis/data/detRes-fhit2pct-pass5f-mlp-refit.root
2026-08-20 20:12:46 - Pipeline - INFO - Converted galactic coordinates (l=13.5, b=0) to equatorial (RA=273.72100167883474, Dec=-17.222738748900706)
2026-08-20 20:12:46 - Pipeline - INFO - Model file: /Users/rishi/Documents/Analysis/Sources/AstroImageDetection-fitmodel/HAWC-ImageProcessing-3MLFit/hawc_analysis/Run1/Results/Step0-Allpoint-sources/curModel.model
2026-08-20 20:12:46 - Pipeline - INFO - No ROI template provided, computing ROI from provided ra and dec
2026-08-20 20:12:46 - Pipeline - INFO - ROI center: 273.72100167883474, -17.222738748900706
2026-08-20 20:12:46 - Pipeline - INFO - Running threeML fit pipeline with bins: ['B5C0', 'B6C0', 'B7C0', 'B8C0', 'B9C0', 'B10C0']
2026-08-20 20:13:01 - Pipeline - INFO - Running MLE without error estimation
2026-08-20 20:14:16 - Pipeline - WARNING - Fit attempt 1/1 failed: MIGRAD did not converge. Reason: Edm is above maximum (status: 3)
2026-08-20 20:15:05 - Pipeline - INFO - Starting source_fitter (DRIPS-seeded in-process fit)
2026-08-20 20:15:05 - Pipeline - INFO - Running joint fit on DRIPS seed model (/Users/rishi/Documents/Analysis/Sources/AstroImageDetection-fitmodel/HAWC-ImageProcessing-3MLFit/hawc_analysis/Run1/Results/Step0-Allpoint-sources/curModel.model) in /Users/rishi/Documents/Analysis/Sources/AstroImageDetection-fitmodel/HAWC-ImageProcessing-3MLFit/hawc_analysis/Run1/Results/Step1-JointFit
2026-08-20 20:15:05 - Pipeline - INFO - Fitting model /Users/rishi/Documents/Analysis/Sources/AstroImageDetection-fitmodel/HAWC-ImageProcessing-3MLFit/hawc_analysis/Run1/Results/Step0-Allpoint-sources/curModel.model in /Users/rishi/Documents/Analysis/Sources/AstroImageDetection-fitmodel/HAWC-ImageProcessing-3MLFit/hawc_analysis/Run1/Results/Step1-JointFit  with compute_err=False, compute_TS=False, make_maps=True
2026-08-20 20:15:05 - Pipeline - INFO - Map tree: /Users/rishi/Documents/Analysis/data/maptree-fhit2pct-pass5f-mlp-chunk1-1510.root
2026-08-20 20:15:05 - Pipeline - INFO - Detector response: /Users/rishi/Documents/Analysis/data/detRes-fhit2pct-pass5f-mlp-refit.root
2026-08-20 20:15:05 - Pipeline - INFO - Converted galactic coordinates (l=13.5, b=0) to equatorial (RA=273.72100167883474, Dec=-17.222738748900706)
2026-08-20 20:15:05 - Pipeline - INFO - Model file: /Users/rishi/Documents/Analysis/Sources/AstroImageDetection-fitmodel/HAWC-ImageProcessing-3MLFit/hawc_analysis/Run1/Results/Step0-Allpoint-sources/curModel.model
2026-08-20 20:15:05 - Pipeline - INFO - No ROI template provided, computing ROI from provided ra and dec
2026-08-20 20:15:05 - Pipeline - INFO - ROI center: 273.72100167883474, -17.222738748900706
2026-08-20 20:15:05 - Pipeline - INFO - Running threeML fit pipeline with bins: ['B5C0', 'B6C0', 'B7C0', 'B8C0', 'B9C0', 'B10C0']
2026-08-20 20:15:20 - Pipeline - INFO - Running MLE without error estimation
2026-08-20 20:16:05 - Pipeline - WARNING - Fit attempt 1/1 failed: MIGRAD did not converge. Reason: Edm is above maximum (status: 3)
2026-08-20 20:16:14 - Pipeline - INFO - Using significance map created: /Users/rishi/Documents/Analysis/Sources/AstroImageDetection-fitmodel/HAWC-ImageProcessing-3MLFit/hawc_analysis/Run1/DataMapDir/significance_map.fits
2026-08-20 20:16:14 - Pipeline - INFO - Using galactic coordinates from config: (l=13.5, b=0.0)
2026-08-20 20:16:14 - Pipeline - INFO - ROI size: 2.0° x 5.0°
2026-08-20 20:16:14 - Pipeline - INFO - Output directory for seeding: /Users/rishi/Documents/Analysis/Sources/AstroImageDetection-fitmodel/HAWC-ImageProcessing-3MLFit/hawc_analysis/Run1/Results/Step0-Allpoint-sources
2026-08-20 20:16:14 - Pipeline - INFO - Running seed model search in /Users/rishi/Documents/Analysis/Sources/AstroImageDetection-fitmodel/HAWC-ImageProcessing-3MLFit/hawc_analysis/Run1/Results/Step0-Allpoint-sources
2026-08-20 20:16:14 - Pipeline - INFO - Found existing model file in /Users/rishi/Documents/Analysis/Sources/AstroImageDetection-fitmodel/HAWC-ImageProcessing-3MLFit/hawc_analysis/Run1/Results/Step0-Allpoint-sources, skipping seeding.
2026-08-20 20:17:27 - Pipeline - INFO - Starting source_fitter (DRIPS-seeded in-process fit)
2026-08-20 20:17:27 - Pipeline - INFO - Running joint fit on DRIPS seed model (/Users/rishi/Documents/Analysis/Sources/AstroImageDetection-fitmodel/HAWC-ImageProcessing-3MLFit/hawc_analysis/Run1/Results/Step0-Allpoint-sources/curModel.model) in /Users/rishi/Documents/Analysis/Sources/AstroImageDetection-fitmodel/HAWC-ImageProcessing-3MLFit/hawc_analysis/Run1/Results/Step1-JointFit
2026-08-20 20:17:27 - Pipeline - INFO - Fitting model /Users/rishi/Documents/Analysis/Sources/AstroImageDetection-fitmodel/HAWC-ImageProcessing-3MLFit/hawc_analysis/Run1/Results/Step0-Allpoint-sources/curModel.model in /Users/rishi/Documents/Analysis/Sources/AstroImageDetection-fitmodel/HAWC-ImageProcessing-3MLFit/hawc_analysis/Run1/Results/Step1-JointFit  with compute_err=False, compute_TS=False, make_maps=True
2026-08-20 20:17:27 - Pipeline - INFO - Map tree: /Users/rishi/Documents/Analysis/data/maptree-fhit2pct-pass5f-mlp-chunk1-1510.root
2026-08-20 20:17:27 - Pipeline - INFO - Detector response: /Users/rishi/Documents/Analysis/data/detRes-fhit2pct-pass5f-mlp-refit.root
2026-08-20 20:17:27 - Pipeline - INFO - Converted galactic coordinates (l=13.5, b=0) to equatorial (RA=273.72100167883474, Dec=-17.222738748900706)
2026-08-20 20:17:27 - Pipeline - INFO - Model file: /Users/rishi/Documents/Analysis/Sources/AstroImageDetection-fitmodel/HAWC-ImageProcessing-3MLFit/hawc_analysis/Run1/Results/Step0-Allpoint-sources/curModel.model
2026-08-20 20:17:27 - Pipeline - INFO - No ROI template provided, computing ROI from provided ra and dec
2026-08-20 20:17:27 - Pipeline - INFO - ROI center: 273.72100167883474, -17.222738748900706
2026-08-20 20:17:27 - Pipeline - INFO - Running threeML fit pipeline with bins: ['B5C0', 'B6C0', 'B7C0', 'B8C0', 'B9C0', 'B10C0']
2026-08-20 20:17:42 - Pipeline - INFO - Running MLE without error estimation
2026-08-20 20:17:52 - Pipeline - INFO - Fit results saved to /Users/rishi/Documents/Analysis/Sources/AstroImageDetection-fitmodel/HAWC-ImageProcessing-3MLFit/hawc_analysis/Run1/Results/Step1-JointFit/likelihoodResults.fits
2026-08-20 20:17:52 - Pipeline - INFO - Saving HAL output maps
2026-08-20 20:17:52 - Pipeline - INFO - SAVE A BIG MAP
2026-08-20 20:18:12 - Pipeline - INFO - Writing model map...
2026-08-20 20:18:13 - Pipeline - INFO - Fit Step1-JointFit: -logL=121014.262, AIC=242044.524 (0.76 min)
2026-08-20 20:18:13 - Pipeline - INFO - Converted galactic coordinates (l=13.5, b=0) to equatorial (RA=273.72100167883474, Dec=-17.222738748900706)
2026-08-20 20:18:13 - Pipeline - INFO - Converting HDF5 to FITS: residual_fit.hd5
2026-08-20 20:18:17 - Pipeline - INFO - Created FITS file: /Users/rishi/Documents/Analysis/Sources/AstroImageDetection-fitmodel/HAWC-ImageProcessing-3MLFit/hawc_analysis/Run1/Results/Step1-JointFit/fits/residual_binB5C0.fits.gz
2026-08-20 20:18:20 - Pipeline - INFO - Created FITS file: /Users/rishi/Documents/Analysis/Sources/AstroImageDetection-fitmodel/HAWC-ImageProcessing-3MLFit/hawc_analysis/Run1/Results/Step1-JointFit/fits/residual_binB6C0.fits.gz
2026-08-20 20:18:23 - Pipeline - INFO - Created FITS file: /Users/rishi/Documents/Analysis/Sources/AstroImageDetection-fitmodel/HAWC-ImageProcessing-3MLFit/hawc_analysis/Run1/Results/Step1-JointFit/fits/residual_binB7C0.fits.gz
2026-08-20 20:18:25 - Pipeline - INFO - Created FITS file: /Users/rishi/Documents/Analysis/Sources/AstroImageDetection-fitmodel/HAWC-ImageProcessing-3MLFit/hawc_analysis/Run1/Results/Step1-JointFit/fits/residual_binB8C0.fits.gz
2026-08-20 20:18:27 - Pipeline - INFO - Created FITS file: /Users/rishi/Documents/Analysis/Sources/AstroImageDetection-fitmodel/HAWC-ImageProcessing-3MLFit/hawc_analysis/Run1/Results/Step1-JointFit/fits/residual_binB9C0.fits.gz
2026-08-20 20:18:29 - Pipeline - INFO - Created FITS file: /Users/rishi/Documents/Analysis/Sources/AstroImageDetection-fitmodel/HAWC-ImageProcessing-3MLFit/hawc_analysis/Run1/Results/Step1-JointFit/fits/residual_binB10C0.fits.gz
2026-08-20 20:18:29 - Pipeline - INFO - Successfully converted 6 energy bins to FITS
2026-08-20 20:18:29 - Pipeline - INFO - Output FITS file /Users/rishi/Documents/Analysis/Sources/AstroImageDetection-fitmodel/HAWC-ImageProcessing-3MLFit/hawc_analysis/Run1/Results/Step1-JointFit/fits/residual.fits already exists, skipping map generation
2026-08-20 20:18:36 - Pipeline - INFO - Source Source0
2026-08-20 20:18:36 - Pipeline - INFO - Source position: RA=273.4747840239511, Dec=-16.93776371629121
2026-08-20 20:18:36 - Pipeline - INFO - Source Source1
2026-08-20 20:18:36 - Pipeline - INFO - Source position: RA=273.40105078927087, Dec=-17.75080142639224
2026-08-20 20:18:37 - Pipeline - INFO - Max value in residual map: 6.9460491197647745
2026-08-20 20:20:28 - Pipeline - INFO - Starting source_fitter (DRIPS-seeded in-process fit)
2026-08-20 20:20:28 - Pipeline - INFO - Running joint fit on DRIPS seed model (/Users/rishi/Documents/Analysis/Sources/AstroImageDetection-fitmodel/HAWC-ImageProcessing-3MLFit/hawc_analysis/Run1/Results/Step0-Allpoint-sources/curModel.model) in /Users/rishi/Documents/Analysis/Sources/AstroImageDetection-fitmodel/HAWC-ImageProcessing-3MLFit/hawc_analysis/Run1/Results/Step1-JointFit
2026-08-20 20:20:28 - Pipeline - INFO - Fitting model /Users/rishi/Documents/Analysis/Sources/AstroImageDetection-fitmodel/HAWC-ImageProcessing-3MLFit/hawc_analysis/Run1/Results/Step0-Allpoint-sources/curModel.model in /Users/rishi/Documents/Analysis/Sources/AstroImageDetection-fitmodel/HAWC-ImageProcessing-3MLFit/hawc_analysis/Run1/Results/Step1-JointFit  with compute_err=False, compute_TS=False, make_maps=True
2026-08-20 20:20:28 - Pipeline - INFO - Map tree: /Users/rishi/Documents/Analysis/data/maptree-fhit2pct-pass5f-mlp-chunk1-1510.root
2026-08-20 20:20:28 - Pipeline - INFO - Detector response: /Users/rishi/Documents/Analysis/data/detRes-fhit2pct-pass5f-mlp-refit.root
2026-08-20 20:20:28 - Pipeline - INFO - Converted galactic coordinates (l=13.5, b=0) to equatorial (RA=273.72100167883474, Dec=-17.222738748900706)
2026-08-20 20:20:28 - Pipeline - INFO - Model file: /Users/rishi/Documents/Analysis/Sources/AstroImageDetection-fitmodel/HAWC-ImageProcessing-3MLFit/hawc_analysis/Run1/Results/Step0-Allpoint-sources/curModel.model
2026-08-20 20:20:28 - Pipeline - INFO - No ROI template provided, computing ROI from provided ra and dec
2026-08-20 20:20:28 - Pipeline - INFO - ROI center: 273.72100167883474, -17.222738748900706
2026-08-20 20:20:28 - Pipeline - INFO - Running threeML fit pipeline with bins: ['B5C0', 'B6C0', 'B7C0', 'B8C0', 'B9C0', 'B10C0']
2026-08-20 20:20:43 - Pipeline - INFO - Running MLE without error estimation
2026-08-20 20:20:51 - Pipeline - WARNING - Fit attempt 1/1 failed: File /Users/rishi/Documents/Analysis/Sources/AstroImageDetection-fitmodel/HAWC-ImageProcessing-3MLFit/hawc_analysis/Run1/Results/Step1-JointFit/likelihoodResults.fits already exists. If you mean to replace it then use the argument "overwrite=True".
